../bcc/bcc.c:256:20:BCC_WakeUpPatternSpi	16	static
../bcc/bcc.c:275:20:BCC_WakeUpPatternTpl	16	static
../bcc/bcc.c:302:21:BCC_AssignCid	32	static
../bcc/bcc.c:408:21:BCC_InitDevices	24	static
../bcc/bcc.c:466:21:BCC_SetGpioCfg	24	static
../bcc/bcc.c:493:14:BCC_Init	24	static
../bcc/bcc.c:563:14:BCC_SendNop	16	static
../bcc/bcc.c:584:14:BCC_Sleep	16	static
../bcc/bcc.c:607:6:BCC_WakeUp	16	static
../bcc/bcc.c:628:14:BCC_SoftwareReset	16	static
../bcc/bcc.c:661:6:BCC_HardwareReset	16	static
../bcc/bcc.c:731:6:BCC_TPL_Disable	16	static
../bcc/bcc.c:744:14:BCC_Reg_Read	24	static
../bcc/bcc.c:763:14:BCC_Reg_Write	16	static
../bcc/bcc.c:785:14:BCC_Reg_WriteGlobal	16	static
../bcc/bcc.c:801:14:BCC_Reg_Update	32	static
../bcc/bcc.c:836:14:BCC_Meas_StartConversion	24	static
../bcc/bcc.c:861:14:BCC_Meas_StartConversionGlobal	16	static
../bcc/bcc.c:880:14:BCC_Meas_IsConverting	40	static
../bcc/bcc.c:909:14:BCC_Meas_StartAndWait	24	static
../bcc/bcc.c:973:14:BCC_Meas_GetRawValues	40	static
../bcc/bcc.c:1039:14:BCC_Meas_GetCoulombCounter	40	static
../bcc/bcc.c:1072:14:BCC_Meas_GetIsenseVoltage	40	static
../bcc/bcc.c:1109:14:BCC_Meas_GetStackVoltage	40	static
../bcc/bcc.c:1146:14:BCC_Meas_GetCellVoltages	64	static
../bcc/bcc.c:1195:14:BCC_Meas_GetCellVoltage	40	static
../bcc/bcc.c:1234:14:BCC_Meas_GetAnVoltages	48	static
../bcc/bcc.c:1280:14:BCC_Meas_GetAnVoltage	40	static
../bcc/bcc.c:1318:14:BCC_Meas_GetIcTemperature	40	static
../bcc/bcc.c:1367:14:BCC_Fault_GetStatus	40	static
../bcc/bcc.c:1411:14:BCC_Fault_ClearStatus	32	static
../bcc/bcc.c:1442:14:BCC_GPIO_SetMode	32	static
../bcc/bcc.c:1514:14:BCC_GPIO_ReadPin	40	static
../bcc/bcc.c:1542:14:BCC_GPIO_SetOutput	24	static
../bcc/bcc.c:1566:14:BCC_CB_Enable	24	static
../bcc/bcc.c:1588:14:BCC_CB_SetIndividual	24	static
../bcc/bcc.c:1624:14:BCC_CB_Pause	24	static
../bcc/bcc.c:1646:14:BCC_FuseMirror_Read	40	static
../bcc/bcc.c:1684:14:BCC_FuseMirror_Write	24	static
../bcc/bcc.c:1742:14:BCC_GUID_Read	104	static
../bcc/bcc.c:1793:14:BCC_EEPROM_Read	40	static
../bcc/bcc.c:1878:14:BCC_EEPROM_Write	32	static
