../Core/Src/main.c:137:5:_write	24	static
../Core/Src/main.c:152:5:main	16	static
../Core/Src/main.c:232:6:SystemClock_Config	72	static
../Core/Src/main.c:269:13:MX_SPI1_Init	8	static
../Core/Src/main.c:307:13:MX_USART1_UART_Init	8	static
../Core/Src/main.c:340:13:MX_GPIO_Init	40	static
../Core/Src/main.c:386:21:initRegisters	16	static
../Core/Src/main.c:412:21:clearFaultRegs	16	static
../Core/Src/main.c:491:13:initDemo	32	static
../Core/Src/main.c:529:21:startApp	16	static
../Core/Src/main.c:572:6:startDischarge_Charge	8	static
../Core/Src/main.c:584:6:Error_Handler	4	static,ignoring_inline_asm
