../Core/Src/main.c:137:5:_write	24	static
../Core/Src/main.c:152:5:main	16	static
../Core/Src/main.c:233:6:SystemClock_Config	72	static
../Core/Src/main.c:270:13:MX_SPI1_Init	8	static
../Core/Src/main.c:308:13:MX_USART1_UART_Init	8	static
../Core/Src/main.c:341:13:MX_GPIO_Init	40	static
../Core/Src/main.c:389:14:MeasuarenceApp	16	static
../Core/Src/main.c:478:21:initRegisters	16	static
../Core/Src/main.c:504:21:clearFaultRegs	16	static
../Core/Src/main.c:583:13:initDemo	32	static
../Core/Src/main.c:621:21:startApp	16	static
../Core/Src/main.c:664:6:startDischarge_Charge	8	static
../Core/Src/main.c:676:6:Error_Handler	4	static,ignoring_inline_asm
