Archive member included to satisfy reference by file (symbol)

E:/STM32/STM32_IDE/STM32CubeIDE_1.15.1/STM32CubeIDE/plugins/com.st.stm32cube.ide.mcu.externaltools.gnu-tools-for-stm32.12.3.rel1.win32_1.1.0.202410251130/tools/bin/../lib/gcc/arm-none-eabi/12.3.1/../../../../arm-none-eabi/lib/thumb/v7-m/nofp\libc_nano.a(libc_a-exit.o)
                              E:/STM32/STM32_IDE/STM32CubeIDE_1.15.1/STM32CubeIDE/plugins/com.st.stm32cube.ide.mcu.externaltools.gnu-tools-for-stm32.12.3.rel1.win32_1.1.0.202410251130/tools/bin/../lib/gcc/arm-none-eabi/12.3.1/../../../../arm-none-eabi/lib/thumb/v7-m/nofp/crt0.o (exit)
E:/STM32/STM32_IDE/STM32CubeIDE_1.15.1/STM32CubeIDE/plugins/com.st.stm32cube.ide.mcu.externaltools.gnu-tools-for-stm32.12.3.rel1.win32_1.1.0.202410251130/tools/bin/../lib/gcc/arm-none-eabi/12.3.1/../../../../arm-none-eabi/lib/thumb/v7-m/nofp\libc_nano.a(libc_a-findfp.o)
                              E:/STM32/STM32_IDE/STM32CubeIDE_1.15.1/STM32CubeIDE/plugins/com.st.stm32cube.ide.mcu.externaltools.gnu-tools-for-stm32.12.3.rel1.win32_1.1.0.202410251130/tools/bin/../lib/gcc/arm-none-eabi/12.3.1/../../../../arm-none-eabi/lib/thumb/v7-m/nofp\libc_nano.a(libc_a-exit.o) (__stdio_exit_handler)
E:/STM32/STM32_IDE/STM32CubeIDE_1.15.1/STM32CubeIDE/plugins/com.st.stm32cube.ide.mcu.externaltools.gnu-tools-for-stm32.12.3.rel1.win32_1.1.0.202410251130/tools/bin/../lib/gcc/arm-none-eabi/12.3.1/../../../../arm-none-eabi/lib/thumb/v7-m/nofp\libc_nano.a(libc_a-fwalk.o)
                              E:/STM32/STM32_IDE/STM32CubeIDE_1.15.1/STM32CubeIDE/plugins/com.st.stm32cube.ide.mcu.externaltools.gnu-tools-for-stm32.12.3.rel1.win32_1.1.0.202410251130/tools/bin/../lib/gcc/arm-none-eabi/12.3.1/../../../../arm-none-eabi/lib/thumb/v7-m/nofp\libc_nano.a(libc_a-findfp.o) (_fwalk_sglue)
E:/STM32/STM32_IDE/STM32CubeIDE_1.15.1/STM32CubeIDE/plugins/com.st.stm32cube.ide.mcu.externaltools.gnu-tools-for-stm32.12.3.rel1.win32_1.1.0.202410251130/tools/bin/../lib/gcc/arm-none-eabi/12.3.1/../../../../arm-none-eabi/lib/thumb/v7-m/nofp\libc_nano.a(libc_a-printf.o)
                              ./Core/Src/common.o (printf)
E:/STM32/STM32_IDE/STM32CubeIDE_1.15.1/STM32CubeIDE/plugins/com.st.stm32cube.ide.mcu.externaltools.gnu-tools-for-stm32.12.3.rel1.win32_1.1.0.202410251130/tools/bin/../lib/gcc/arm-none-eabi/12.3.1/../../../../arm-none-eabi/lib/thumb/v7-m/nofp\libc_nano.a(libc_a-puts.o)
                              ./Core/Src/common.o (puts)
E:/STM32/STM32_IDE/STM32CubeIDE_1.15.1/STM32CubeIDE/plugins/com.st.stm32cube.ide.mcu.externaltools.gnu-tools-for-stm32.12.3.rel1.win32_1.1.0.202410251130/tools/bin/../lib/gcc/arm-none-eabi/12.3.1/../../../../arm-none-eabi/lib/thumb/v7-m/nofp\libc_nano.a(libc_a-stdio.o)
                              E:/STM32/STM32_IDE/STM32CubeIDE_1.15.1/STM32CubeIDE/plugins/com.st.stm32cube.ide.mcu.externaltools.gnu-tools-for-stm32.12.3.rel1.win32_1.1.0.202410251130/tools/bin/../lib/gcc/arm-none-eabi/12.3.1/../../../../arm-none-eabi/lib/thumb/v7-m/nofp\libc_nano.a(libc_a-findfp.o) (__sread)
E:/STM32/STM32_IDE/STM32CubeIDE_1.15.1/STM32CubeIDE/plugins/com.st.stm32cube.ide.mcu.externaltools.gnu-tools-for-stm32.12.3.rel1.win32_1.1.0.202410251130/tools/bin/../lib/gcc/arm-none-eabi/12.3.1/../../../../arm-none-eabi/lib/thumb/v7-m/nofp\libc_nano.a(libc_a-wbuf.o)
                              E:/STM32/STM32_IDE/STM32CubeIDE_1.15.1/STM32CubeIDE/plugins/com.st.stm32cube.ide.mcu.externaltools.gnu-tools-for-stm32.12.3.rel1.win32_1.1.0.202410251130/tools/bin/../lib/gcc/arm-none-eabi/12.3.1/../../../../arm-none-eabi/lib/thumb/v7-m/nofp\libc_nano.a(libc_a-puts.o) (__swbuf_r)
E:/STM32/STM32_IDE/STM32CubeIDE_1.15.1/STM32CubeIDE/plugins/com.st.stm32cube.ide.mcu.externaltools.gnu-tools-for-stm32.12.3.rel1.win32_1.1.0.202410251130/tools/bin/../lib/gcc/arm-none-eabi/12.3.1/../../../../arm-none-eabi/lib/thumb/v7-m/nofp\libc_nano.a(libc_a-wsetup.o)
                              E:/STM32/STM32_IDE/STM32CubeIDE_1.15.1/STM32CubeIDE/plugins/com.st.stm32cube.ide.mcu.externaltools.gnu-tools-for-stm32.12.3.rel1.win32_1.1.0.202410251130/tools/bin/../lib/gcc/arm-none-eabi/12.3.1/../../../../arm-none-eabi/lib/thumb/v7-m/nofp\libc_nano.a(libc_a-puts.o) (__swsetup_r)
E:/STM32/STM32_IDE/STM32CubeIDE_1.15.1/STM32CubeIDE/plugins/com.st.stm32cube.ide.mcu.externaltools.gnu-tools-for-stm32.12.3.rel1.win32_1.1.0.202410251130/tools/bin/../lib/gcc/arm-none-eabi/12.3.1/../../../../arm-none-eabi/lib/thumb/v7-m/nofp\libc_nano.a(libc_a-memset.o)
                              E:/STM32/STM32_IDE/STM32CubeIDE_1.15.1/STM32CubeIDE/plugins/com.st.stm32cube.ide.mcu.externaltools.gnu-tools-for-stm32.12.3.rel1.win32_1.1.0.202410251130/tools/bin/../lib/gcc/arm-none-eabi/12.3.1/../../../../arm-none-eabi/lib/thumb/v7-m/nofp/crt0.o (memset)
[...]
Memory Configuration

Name             Origin             Length             Attributes
RAM              0x20000000         0x00005000         xrw
FLASH            0x08000000         0x00010000         xr
*default*        0x00000000         0xffffffff

Linker script and memory map

LOAD E:/STM32/STM32_IDE/STM32CubeIDE_1.15.1/STM32CubeIDE/plugins/com.st.stm32cube.ide.mcu.externaltools.gnu-tools-for-stm32.12.3.rel1.win32_1.1.0.202410251130/tools/bin/../lib/gcc/arm-none-eabi/12.3.1/thumb/v7-m/nofp/crti.o
LOAD E:/STM32/STM32_IDE/STM32CubeIDE_1.15.1/STM32CubeIDE/plugins/com.st.stm32cube.ide.mcu.externaltools.gnu-tools-for-stm32.12.3.rel1.win32_1.1.0.202410251130/tools/bin/../lib/gcc/arm-none-eabi/12.3.1/thumb/v7-m/nofp/crtbegin.o
LOAD E:/STM32/STM32_IDE/STM32CubeIDE_1.15.1/STM32CubeIDE/plugins/com.st.stm32cube.ide.mcu.externaltools.gnu-tools-for-stm32.12.3.rel1.win32_1.1.0.202410251130/tools/bin/../lib/gcc/arm-none-eabi/12.3.1/../../../../arm-none-eabi/lib/thumb/v7-m/nofp/crt0.o
LOAD ./Core/Src/common.o
LOAD ./Core/Src/main.o
LOAD ./Core/Src/stm32f1xx_hal_msp.o
LOAD ./Core/Src/stm32f1xx_it.o
LOAD ./Core/Src/syscalls.o
LOAD ./Core/Src/sysmem.o
LOAD ./Core/Src/system_stm32f1xx.o
LOAD ./Core/Startup/startup_stm32f103c8tx.o
LOAD ./Drivers/STM32F1xx_HAL_Driver/Src/stm32f1xx_hal.o
LOAD ./Drivers/STM32F1xx_HAL_Driver/Src/stm32f1xx_hal_cortex.o
LOAD ./Drivers/STM32F1xx_HAL_Driver/Src/stm32f1xx_hal_dma.o
LOAD ./Drivers/STM32F1xx_HAL_Driver/Src/stm32f1xx_hal_exti.o
LOAD ./Drivers/STM32F1xx_HAL_Driver/Src/stm32f1xx_hal_flash.o
LOAD ./Drivers/STM32F1xx_HAL_Driver/Src/stm32f1xx_hal_flash_ex.o
LOAD ./Drivers/STM32F1xx_HAL_Driver/Src/stm32f1xx_hal_gpio.o
LOAD ./Drivers/STM32F1xx_HAL_Driver/Src/stm32f1xx_hal_gpio_ex.o
LOAD ./Drivers/STM32F1xx_HAL_Driver/Src/stm32f1xx_hal_pwr.o
LOAD ./Drivers/STM32F1xx_HAL_Driver/Src/stm32f1xx_hal_rcc.o
LOAD ./Drivers/STM32F1xx_HAL_Driver/Src/stm32f1xx_hal_rcc_ex.o
LOAD ./Drivers/STM32F1xx_HAL_Driver/Src/stm32f1xx_hal_spi.o
LOAD ./Drivers/STM32F1xx_HAL_Driver/Src/stm32f1xx_hal_uart.o
LOAD ./bcc/bcc.o
LOAD ./bcc/bcc_communication.o
LOAD ./bcc/monitoring.o
LOAD ./bcc_stm32/bcc_peripheries.o
LOAD ./bcc_stm32/bcc_wait.o
START GROUP
LOAD E:/STM32/STM32_IDE/STM32CubeIDE_1.15.1/STM32CubeIDE/plugins/com.st.stm32cube.ide.mcu.externaltools.gnu-tools-for-stm32.12.3.rel1.win32_1.1.0.202410251130/tools/bin/../lib/gcc/arm-none-eabi/12.3.1/../../../../arm-none-eabi/lib/thumb/v7-m/nofp\libc_nano.a
LOAD E:/STM32/STM32_IDE/STM32CubeIDE_1.15.1/STM32CubeIDE/plugins/com.st.stm32cube.ide.mcu.externaltools.gnu-tools-for-stm32.12.3.rel1.win32_1.1.0.202410251130/tools/bin/../lib/gcc/arm-none-eabi/12.3.1/../../../../arm-none-eabi/lib/thumb/v7-m/nofp\libm.a
END GROUP
START GROUP
LOAD E:/STM32/STM32_IDE/STM32CubeIDE_1.15.1/STM32CubeIDE/plugins/com.st.stm32cube.ide.mcu.externaltools.gnu-tools-for-stm32.12.3.rel1.win32_1.1.0.202410251130/tools/bin/../lib/gcc/arm-none-eabi/12.3.1/thumb/v7-m/nofp\libgcc.a
LOAD E:/STM32/STM32_IDE/STM32CubeIDE_1.15.1/STM32CubeIDE/plugins/com.st.stm32cube.ide.mcu.externaltools.gnu-tools-for-stm32.12.3.rel1.win32_1.1.0.202410251130/tools/bin/../lib/gcc/arm-none-eabi/12.3.1/../../../../arm-none-eabi/lib/thumb/v7-m/nofp\libc_nano.a
END GROUP
START GROUP
LOAD E:/STM32/STM32_IDE/STM32CubeIDE_1.15.1/STM32CubeIDE/plugins/com.st.stm32cube.ide.mcu.externaltools.gnu-tools-for-stm32.12.3.rel1.win32_1.1.0.202410251130/tools/bin/../lib/gcc/arm-none-eabi/12.3.1/thumb/v7-m/nofp\libgcc.a
LOAD E:/STM32/STM32_IDE/STM32CubeIDE_1.15.1/STM32CubeIDE/plugins/com.st.stm32cube.ide.mcu.externaltools.gnu-tools-for-stm32.12.3.rel1.win32_1.1.0.202410251130/tools/bin/../lib/gcc/arm-none-eabi/12.3.1/../../../../arm-none-eabi/lib/thumb/v7-m/nofp\libc_nano.a
LOAD E:/STM32/STM32_IDE/STM32CubeIDE_1.15.1/STM32CubeIDE/plugins/com.st.stm32cube.ide.mcu.externaltools.gnu-tools-for-stm32.12.3.rel1.win32_1.1.0.202410251130/tools/bin/../lib/gcc/arm-none-eabi/12.3.1/../../../../arm-none-eabi/lib/thumb/v7-m/nofp\libnosys.a
END GROUP
START GROUP
LOAD E:/STM32/STM32_IDE/STM32CubeIDE_1.15.1/STM32CubeIDE/plugins/com.st.stm32cube.ide.mcu.externaltools.gnu-tools-for-stm32.12.3.rel1.win32_1.1.0.202410251130/tools/bin/../lib/gcc/arm-none-eabi/12.3.1/thumb/v7-m/nofp\libgcc.a
LOAD E:/STM32/STM32_IDE/STM32CubeIDE_1.15.1/STM32CubeIDE/plugins/com.st.stm32cube.ide.mcu.externaltools.gnu-tools-for-stm32.12.3.rel1.win32_1.1.0.202410251130/tools/bin/../lib/gcc/arm-none-eabi/12.3.1/../../../../arm-none-eabi/lib/thumb/v7-m/nofp\libc_nano.a
LOAD E:/STM32/STM32_IDE/STM32CubeIDE_1.15.1/STM32CubeIDE/plugins/com.st.stm32cube.ide.mcu.externaltools.gnu-tools-for-stm32.12.3.rel1.win32_1.1.0.202410251130/tools/bin/../lib/gcc/arm-none-eabi/12.3.1/../../../../arm-none-eabi/lib/thumb/v7-m/nofp\libnosys.a
END GROUP
LOAD E:/STM32/STM32_IDE/STM32CubeIDE_1.15.1/STM32CubeIDE/plugins/com.st.stm32cube.ide.mcu.externaltools.gnu-tools-for-stm32.12.3.rel1.win32_1.1.0.202410251130/tools/bin/../lib/gcc/arm-none-eabi/12.3.1/thumb/v7-m/nofp/crtend.o
LOAD E:/STM32/STM32_IDE/STM32CubeIDE_1.15.1/STM32CubeIDE/plugins/com.st.stm32cube.ide.mcu.externaltools.gnu-tools-for-stm32.12.3.rel1.win32_1.1.0.202410251130/tools/bin/../lib/gcc/arm-none-eabi/12.3.1/thumb/v7-m/nofp/crtn.o
                0x20005000                        _estack = (ORIGIN (RAM) + LENGTH (RAM))
                0x00000200                        _Min_Heap_Size = 0x200
                0x00000400                        _Min_Stack_Size = 0x400

.isr_vector     0x08000000      0x10c
                0x08000000                        . = ALIGN (0x4)
 *(.isr_vector)
 .isr_vector    0x08000000      0x10c ./Core/Startup/startup_stm32f103c8tx.o
                0x08000000                g_pfnVectors
                0x0800010c                        . = ALIGN (0x4)

.text           0x08000110     0x635c
                0x08000110                        . = ALIGN (0x4)
 *(.text)
 .text          0x08000110       0x40 E:/STM32/STM32_IDE/STM32CubeIDE_1.15.1/STM32CubeIDE/plugins/com.st.stm32cube.ide.mcu.externaltools.gnu-tools-for-stm32.12.3.rel1.win32_1.1.0.202410251130/tools/bin/../lib/gcc/arm-none-eabi/12.3.1/thumb/v7-m/nofp/crtbegin.o
 .text          0x08000150      0x378 E:/STM32/STM32_IDE/STM32CubeIDE_1.15.1/STM32CubeIDE/plugins/com.st.stm32cube.ide.mcu.externaltools.gnu-tools-for-stm32.12.3.rel1.win32_1.1.0.202410251130/tools/bin/../lib/gcc/arm-none-eabi/12.3.1/thumb/v7-m/nofp\libgcc.a(_arm_addsubdf3.o)
                0x08000150                __aeabi_drsub
                0x08000158                __aeabi_dsub
                0x08000158                __subdf3
                0x0800015c                __aeabi_dadd
                0x0800015c                __adddf3
                0x080003d4                __floatunsidf
                0x080003d4                __aeabi_ui2d
                0x080003f4                __floatsidf
                0x080003f4                __aeabi_i2d
                0x08000418                __aeabi_f2d
                0x08000418                __extendsfdf2
                0x0800045c                __floatundidf
                0x0800045c                __aeabi_ul2d
                0x0800046c                __floatdidf
                0x0800046c                __aeabi_l2d
 .text          0x080004c8      0x424 E:/STM32/STM32_IDE/STM32CubeIDE_1.15.1/STM32CubeIDE/plugins/com.st.stm32cube.ide.mcu.externaltools.gnu-tools-for-stm32.12.3.rel1.win32_1.1.0.202410251130/tools/bin/../lib/gcc/arm-none-eabi/12.3.1/thumb/v7-m/nofp\libgcc.a(_arm_muldivdf3.o)
                0x080004c8                __aeabi_dmul
                0x080004c8                __muldf3
                0x0800071c                __divdf3
                0x0800071c                __aeabi_ddiv
 .text          0x080008ec      0x110 E:/STM32/STM32_IDE/STM32CubeIDE_1.15.1/STM32CubeIDE/plugins/com.st.stm32cube.ide.mcu.externaltools.gnu-tools-for-stm32.12.3.rel1.win32_1.1.0.202410251130/tools/bin/../lib/gcc/arm-none-eabi/12.3.1/thumb/v7-m/nofp\libgcc.a(_arm_cmpdf2.o)
                0x080008ec                __gtdf2
                0x080008ec                __gedf2
                0x080008f4                __ltdf2
                0x080008f4                __ledf2
                0x080008fc                __nedf2
                0x080008fc                __eqdf2
                0x080008fc                __cmpdf2
                0x08000978                __aeabi_cdrcmple
                0x08000988                __aeabi_cdcmpeq
                0x08000988                __aeabi_cdcmple
                0x08000998                __aeabi_dcmpeq
                0x080009ac                __aeabi_dcmplt
                0x080009c0                __aeabi_dcmple
                0x080009d4                __aeabi_dcmpge
                0x080009e8                __aeabi_dcmpgt
 .text          0x080009fc       0x50 E:/STM32/STM32_IDE/STM32CubeIDE_1.15.1/STM32CubeIDE/plugins/com.st.stm32cube.ide.mcu.externaltools.gnu-tools-for-stm32.12.3.rel1.win32_1.1.0.202410251130/tools/bin/../lib/gcc/arm-none-eabi/12.3.1/thumb/v7-m/nofp\libgcc.a(_arm_fixdfsi.o)
                0x080009fc                __aeabi_d2iz
                0x080009fc                __fixdfsi
 .text          0x08000a4c       0x40 E:/STM32/STM32_IDE/STM32CubeIDE_1.15.1/STM32CubeIDE/plugins/com.st.stm32cube.ide.mcu.externaltools.gnu-tools-for-stm32.12.3.rel1.win32_1.1.0.202410251130/tools/bin/../lib/gcc/arm-none-eabi/12.3.1/thumb/v7-m/nofp\libgcc.a(_arm_fixunsdfsi.o)
                0x08000a4c                __aeabi_d2uiz
                0x08000a4c                __fixunsdfsi
 *(.text*)
 .text.sendNops
                0x08000a8c       0x34 ./Core/Src/common.o
                0x08000a8c                sendNops
 .text.printInitialSettings
                0x08000ac0      0x270 ./Core/Src/common.o
                0x08000ac0                printInitialSettings
 .text.printFaultRegisters
                0x08000d30      0x21c ./Core/Src/common.o
                0x08000d30                printFaultRegisters
 .text._write   0x08000f4c       0x2c ./Core/Src/main.o
                0x08000f4c                _write
 .text.main     0x08000f78       0xb8 ./Core/Src/main.o
                0x08000f78                main
 .text.SystemClock_Config
                0x08001030       0x76 ./Core/Src/main.o
                0x08001030                SystemClock_Config
 *fill*         0x080010a6        0x2 
 .text.MX_SPI1_Init
                0x080010a8       0x6c ./Core/Src/main.o
 .text.MX_USART1_UART_Init
                0x08001114       0x54 ./Core/Src/main.o
 .text.MX_GPIO_Init
                0x08001168      0x100 ./Core/Src/main.o
 .text.MeasuarenceApp
                0x08001268      0x1c0 ./Core/Src/main.o
                0x08001268                MeasuarenceApp
 .text.initRegisters
                0x08001428       0xa4 ./Core/Src/main.o
 .text.clearFaultRegs
                0x080014cc      0x14c ./Core/Src/main.o
 .text.initDemo
                0x08001618       0x90 ./Core/Src/main.o
 .text.startApp
                0x080016a8       0x7c ./Core/Src/main.o
 .text.Error_Handler
                0x08001724        0xc ./Core/Src/main.o
                0x08001724                Error_Handler
 .text.HAL_MspInit
                0x08001730       0x64 ./Core/Src/stm32f1xx_hal_msp.o
                0x08001730                HAL_MspInit
 .text.HAL_SPI_MspInit
                0x08001794       0x94 ./Core/Src/stm32f1xx_hal_msp.o
                0x08001794                HAL_SPI_MspInit
 .text.HAL_UART_MspInit
                0x08001828       0x98 ./Core/Src/stm32f1xx_hal_msp.o
                0x08001828                HAL_UART_MspInit
 .text.NMI_Handler
                0x080018c0        0x8 ./Core/Src/stm32f1xx_it.o
                0x080018c0                NMI_Handler
 .text.HardFault_Handler
                0x080018c8        0x8 ./Core/Src/stm32f1xx_it.o
                0x080018c8                HardFault_Handler
 .text.MemManage_Handler
                0x080018d0        0x8 ./Core/Src/stm32f1xx_it.o
                0x080018d0                MemManage_Handler
 .text.BusFault_Handler
                0x080018d8        0x8 ./Core/Src/stm32f1xx_it.o
                0x080018d8                BusFault_Handler
 .text.UsageFault_Handler
                0x080018e0        0x8 ./Core/Src/stm32f1xx_it.o
                0x080018e0                UsageFault_Handler
 .text.SVC_Handler
                0x080018e8        0xc ./Core/Src/stm32f1xx_it.o
                0x080018e8                SVC_Handler
 .text.DebugMon_Handler
                0x080018f4        0xc ./Core/Src/stm32f1xx_it.o
                0x080018f4                DebugMon_Handler
 .text.PendSV_Handler
                0x08001900        0xc ./Core/Src/stm32f1xx_it.o
                0x08001900                PendSV_Handler
 .text.SysTick_Handler
                0x0800190c        0xc ./Core/Src/stm32f1xx_it.o
                0x0800190c                SysTick_Handler
 .text._read    0x08001918       0x3a ./Core/Src/syscalls.o
                0x08001918                _read
 .text._close   0x08001952       0x16 ./Core/Src/syscalls.o
                0x08001952                _close
 .text._fstat   0x08001968       0x1e ./Core/Src/syscalls.o
                0x08001968                _fstat
 .text._isatty  0x08001986       0x14 ./Core/Src/syscalls.o
                0x08001986                _isatty
 .text._lseek   0x0800199a       0x18 ./Core/Src/syscalls.o
                0x0800199a                _lseek
 *fill*         0x080019b2        0x2 
 .text._sbrk    0x080019b4       0x6c ./Core/Src/sysmem.o
                0x080019b4                _sbrk
 .text.SystemInit
                0x08001a20        0xc ./Core/Src/system_stm32f1xx.o
                0x08001a20                SystemInit
 .text.Reset_Handler
                0x08001a2c       0x48 ./Core/Startup/startup_stm32f103c8tx.o
                0x08001a2c                Reset_Handler
 .text.Default_Handler
                0x08001a74        0x2 ./Core/Startup/startup_stm32f103c8tx.o
                0x08001a74                RTC_Alarm_IRQHandler
                0x08001a74                EXTI2_IRQHandler
                0x08001a74                TIM1_CC_IRQHandler
                0x08001a74                PVD_IRQHandler
                0x08001a74                EXTI3_IRQHandler
                0x08001a74                EXTI0_IRQHandler
                0x08001a74                I2C2_EV_IRQHandler
                0x08001a74                ADC1_2_IRQHandler
                0x08001a74                SPI1_IRQHandler
                0x08001a74                TAMPER_IRQHandler
                0x08001a74                DMA1_Channel4_IRQHandler
                0x08001a74                USART3_IRQHandler
                0x08001a74                RTC_IRQHandler
                0x08001a74                DMA1_Channel7_IRQHandler
                0x08001a74                CAN1_RX1_IRQHandler
                0x08001a74                TIM4_IRQHandler
                0x08001a74                I2C1_EV_IRQHandler
                0x08001a74                DMA1_Channel6_IRQHandler
                0x08001a74                TIM3_IRQHandler
                0x08001a74                RCC_IRQHandler
                0x08001a74                TIM1_TRG_COM_IRQHandler
                0x08001a74                DMA1_Channel1_IRQHandler
                0x08001a74                Default_Handler
                0x08001a74                EXTI15_10_IRQHandler
                0x08001a74                EXTI9_5_IRQHandler
                0x08001a74                SPI2_IRQHandler
                0x08001a74                DMA1_Channel5_IRQHandler
                0x08001a74                EXTI4_IRQHandler
                0x08001a74                USB_LP_CAN1_RX0_IRQHandler
                0x08001a74                USB_HP_CAN1_TX_IRQHandler
                0x08001a74                DMA1_Channel3_IRQHandler
                0x08001a74                TIM1_UP_IRQHandler
                0x08001a74                WWDG_IRQHandler
                0x08001a74                TIM2_IRQHandler
                0x08001a74                TIM1_BRK_IRQHandler
                0x08001a74                EXTI1_IRQHandler
                0x08001a74                USART2_IRQHandler
                0x08001a74                I2C2_ER_IRQHandler
                0x08001a74                DMA1_Channel2_IRQHandler
                0x08001a74                CAN1_SCE_IRQHandler
                0x08001a74                FLASH_IRQHandler
                0x08001a74                USART1_IRQHandler
                0x08001a74                I2C1_ER_IRQHandler
                0x08001a74                USBWakeUp_IRQHandler
 *fill*         0x08001a76        0x2 
 .text.HAL_Init
                0x08001a78       0x2c ./Drivers/STM32F1xx_HAL_Driver/Src/stm32f1xx_hal.o
                0x08001a78                HAL_Init
 .text.HAL_InitTick
                0x08001aa4       0x60 ./Drivers/STM32F1xx_HAL_Driver/Src/stm32f1xx_hal.o
                0x08001aa4                HAL_InitTick
 .text.HAL_IncTick
                0x08001b04       0x24 ./Drivers/STM32F1xx_HAL_Driver/Src/stm32f1xx_hal.o
                0x08001b04                HAL_IncTick
 .text.HAL_GetTick
                0x08001b28       0x14 ./Drivers/STM32F1xx_HAL_Driver/Src/stm32f1xx_hal.o
                0x08001b28                HAL_GetTick
 .text.HAL_Delay
                0x08001b3c       0x48 ./Drivers/STM32F1xx_HAL_Driver/Src/stm32f1xx_hal.o
                0x08001b3c                HAL_Delay
 .text.__NVIC_SetPriorityGrouping
                0x08001b84       0x48 ./Drivers/STM32F1xx_HAL_Driver/Src/stm32f1xx_hal_cortex.o
 .text.__NVIC_GetPriorityGrouping
                0x08001bcc       0x1c ./Drivers/STM32F1xx_HAL_Driver/Src/stm32f1xx_hal_cortex.o
 .text.__NVIC_SetPriority
                0x08001be8       0x54 ./Drivers/STM32F1xx_HAL_Driver/Src/stm32f1xx_hal_cortex.o
 .text.NVIC_EncodePriority
                0x08001c3c       0x64 ./Drivers/STM32F1xx_HAL_Driver/Src/stm32f1xx_hal_cortex.o
 .text.SysTick_Config
                0x08001ca0       0x44 ./Drivers/STM32F1xx_HAL_Driver/Src/stm32f1xx_hal_cortex.o
 .text.HAL_NVIC_SetPriorityGrouping
                0x08001ce4       0x16 ./Drivers/STM32F1xx_HAL_Driver/Src/stm32f1xx_hal_cortex.o
                0x08001ce4                HAL_NVIC_SetPriorityGrouping
 .text.HAL_NVIC_SetPriority
                0x08001cfa       0x38 ./Drivers/STM32F1xx_HAL_Driver/Src/stm32f1xx_hal_cortex.o
                0x08001cfa                HAL_NVIC_SetPriority
 .text.HAL_SYSTICK_Config
                0x08001d32       0x18 ./Drivers/STM32F1xx_HAL_Driver/Src/stm32f1xx_hal_cortex.o
                0x08001d32                HAL_SYSTICK_Config
 *fill*         0x08001d4a        0x2 
 .text.HAL_GPIO_Init
                0x08001d4c      0x308 ./Drivers/STM32F1xx_HAL_Driver/Src/stm32f1xx_hal_gpio.o
                0x08001d4c                HAL_GPIO_Init
 .text.HAL_GPIO_WritePin
                0x08002054       0x30 ./Drivers/STM32F1xx_HAL_Driver/Src/stm32f1xx_hal_gpio.o
                0x08002054                HAL_GPIO_WritePin
 .text.HAL_RCC_OscConfig
                0x08002084      0x504 ./Drivers/STM32F1xx_HAL_Driver/Src/stm32f1xx_hal_rcc.o
                0x08002084                HAL_RCC_OscConfig
 .text.HAL_RCC_ClockConfig
                0x08002588      0x1d4 ./Drivers/STM32F1xx_HAL_Driver/Src/stm32f1xx_hal_rcc.o
                0x08002588                HAL_RCC_ClockConfig
 .text.HAL_RCC_GetSysClockFreq
                0x0800275c       0xa8 ./Drivers/STM32F1xx_HAL_Driver/Src/stm32f1xx_hal_rcc.o
                0x0800275c                HAL_RCC_GetSysClockFreq
 .text.HAL_RCC_GetHCLKFreq
                0x08002804       0x14 ./Drivers/STM32F1xx_HAL_Driver/Src/stm32f1xx_hal_rcc.o
                0x08002804                HAL_RCC_GetHCLKFreq
 .text.HAL_RCC_GetPCLK1Freq
                0x08002818       0x28 ./Drivers/STM32F1xx_HAL_Driver/Src/stm32f1xx_hal_rcc.o
                0x08002818                HAL_RCC_GetPCLK1Freq
 .text.HAL_RCC_GetPCLK2Freq
                0x08002840       0x28 ./Drivers/STM32F1xx_HAL_Driver/Src/stm32f1xx_hal_rcc.o
                0x08002840                HAL_RCC_GetPCLK2Freq
 .text.RCC_Delay
                0x08002868       0x3c ./Drivers/STM32F1xx_HAL_Driver/Src/stm32f1xx_hal_rcc.o
 .text.HAL_SPI_Init
                0x080028a4      0x108 ./Drivers/STM32F1xx_HAL_Driver/Src/stm32f1xx_hal_spi.o
                0x080028a4                HAL_SPI_Init
 .text.HAL_SPI_TransmitReceive
                0x080029ac      0x352 ./Drivers/STM32F1xx_HAL_Driver/Src/stm32f1xx_hal_spi.o
                0x080029ac                HAL_SPI_TransmitReceive
 *fill*         0x08002cfe        0x2 
 .text.SPI_WaitFlagStateUntilTimeout
                0x08002d00      0x110 ./Drivers/STM32F1xx_HAL_Driver/Src/stm32f1xx_hal_spi.o
 .text.SPI_EndRxTxTransaction
                0x08002e10       0x62 ./Drivers/STM32F1xx_HAL_Driver/Src/stm32f1xx_hal_spi.o
 .text.HAL_UART_Init
                0x08002e72       0xa0 ./Drivers/STM32F1xx_HAL_Driver/Src/stm32f1xx_hal_uart.o
                0x08002e72                HAL_UART_Init
 .text.HAL_UART_Transmit
                0x08002f12      0x116 ./Drivers/STM32F1xx_HAL_Driver/Src/stm32f1xx_hal_uart.o
                0x08002f12                HAL_UART_Transmit
 .text.UART_WaitOnFlagUntilTimeout
                0x08003028       0xb2 ./Drivers/STM32F1xx_HAL_Driver/Src/stm32f1xx_hal_uart.o
 .text.UART_EndRxTransfer
                0x080030da       0xc4 ./Drivers/STM32F1xx_HAL_Driver/Src/stm32f1xx_hal_uart.o
 *fill*         0x0800319e        0x2 
 .text.UART_SetConfig
                0x080031a0      0x11c ./Drivers/STM32F1xx_HAL_Driver/Src/stm32f1xx_hal_uart.o
 .text.BCC_WakeUpPatternSpi
                0x080032bc       0x34 ./bcc/bcc.o
 .text.BCC_WakeUpPatternTpl
                0x080032f0       0x68 ./bcc/bcc.o
 .text.BCC_AssignCid
                0x08003358      0x16e ./bcc/bcc.o
 .text.BCC_InitDevices
                0x080034c6       0x4a ./bcc/bcc.o
 .text.BCC_Init
                0x08003510      0x144 ./bcc/bcc.o
                0x08003510                BCC_Init
 .text.BCC_SendNop
                0x08003654       0x36 ./bcc/bcc.o
                0x08003654                BCC_SendNop
 .text.BCC_Sleep
                0x0800368a       0x34 ./bcc/bcc.o
                0x0800368a                BCC_Sleep
 .text.BCC_WakeUp
                0x080036be       0x26 ./bcc/bcc.o
                0x080036be                BCC_WakeUp
 .text.BCC_SoftwareReset
                0x080036e4       0x52 ./bcc/bcc.o
                0x080036e4                BCC_SoftwareReset
 .text.BCC_Reg_Read
                0x08003736       0x40 ./bcc/bcc.o
                0x08003736                BCC_Reg_Read
 .text.BCC_Reg_Write
                0x08003776       0x3a ./bcc/bcc.o
                0x08003776                BCC_Reg_Write
 .text.BCC_Reg_WriteGlobal
                0x080037b0       0x1c ./bcc/bcc.o
                0x080037b0                BCC_Reg_WriteGlobal
 .text.BCC_Reg_Update
                0x080037cc       0x82 ./bcc/bcc.o
                0x080037cc                BCC_Reg_Update
 .text.BCC_Meas_StartConversion
                0x0800384e       0x52 ./bcc/bcc.o
                0x0800384e                BCC_Meas_StartConversion
 .text.BCC_Meas_IsConverting
                0x080038a0       0x56 ./bcc/bcc.o
                0x080038a0                BCC_Meas_IsConverting
 .text.BCC_Meas_StartAndWait
                0x080038f6       0xe0 ./bcc/bcc.o
                0x080038f6                BCC_Meas_StartAndWait
 .text.BCC_Meas_GetRawValues
                0x080039d6      0x114 ./bcc/bcc.o
                0x080039d6                BCC_Meas_GetRawValues
 *fill*         0x08003aea        0x2 
 .text.BCC_Meas_GetIsenseVoltage
                0x08003aec       0xd8 ./bcc/bcc.o
                0x08003aec                BCC_Meas_GetIsenseVoltage
 .text.BCC_Meas_GetStackVoltage
                0x08003bc4       0x78 ./bcc/bcc.o
                0x08003bc4                BCC_Meas_GetStackVoltage
 .text.BCC_Meas_GetCellVoltage
                0x08003c3c       0x94 ./bcc/bcc.o
                0x08003c3c                BCC_Meas_GetCellVoltage
 .text.BCC_Fault_GetStatus
                0x08003cd0       0x9c ./bcc/bcc.o
                0x08003cd0                BCC_Fault_GetStatus
 .text.BCC_Fault_ClearStatus
                0x08003d6c       0x60 ./bcc/bcc.o
                0x08003d6c                BCC_Fault_ClearStatus
 .text.BCC_FuseMirror_Read
                0x08003dcc       0x84 ./bcc/bcc.o
                0x08003dcc                BCC_FuseMirror_Read
 .text.BCC_GUID_Read
                0x08003e50      0x140 ./bcc/bcc.o
                0x08003e50                BCC_GUID_Read
 .text.BCC_CalcCRC
                0x08003f90       0x80 ./bcc/bcc_communication.o
 .text.BCC_CheckCRC
                0x08004010       0x30 ./bcc/bcc_communication.o
 .text.BCC_CheckMsgCntr
                0x08004040       0x54 ./bcc/bcc_communication.o
 .text.BCC_CheckEchoFrame
                0x08004094       0x76 ./bcc/bcc_communication.o
 .text.BCC_PackFrame
                0x0800410a       0x74 ./bcc/bcc_communication.o
 *fill*         0x0800417e        0x2 
 .text.BCC_Reg_ReadSpi
                0x08004180      0x1d4 ./bcc/bcc_communication.o
                0x08004180                BCC_Reg_ReadSpi
 .text.BCC_Reg_WriteSpi
                0x08004354       0xc6 ./bcc/bcc_communication.o
                0x08004354                BCC_Reg_WriteSpi
 .text.BCC_SendNopTpl
                0x0800441a       0x58 ./bcc/bcc_communication.o
                0x0800441a                BCC_SendNopTpl
 .text.BCC_SendNopSpi
                0x08004472       0xb6 ./bcc/bcc_communication.o
                0x08004472                BCC_SendNopSpi
 .text.getNtcCelsius
                0x08004528       0xe4 ./bcc/monitoring.o
 .text.getMeasurements
                0x0800460c       0x40 ./bcc/monitoring.o
 .text.printMeas
                0x0800464c       0x2c ./bcc/monitoring.o
 .text.printANxTemp
                0x08004678       0x7c ./bcc/monitoring.o
 .text.printANxTempCustom
                0x080046f4       0x78 ./bcc/monitoring.o
 .text.printMeasResults
                0x0800476c      0x6b0 ./bcc/monitoring.o
 *fill*         0x08004e1c        0x4 
 .text.fillNtcTable
                0x08004e20      0x148 ./bcc/monitoring.o
                0x08004e20                fillNtcTable
 .text.doMeasurements
                0x08004f68       0x44 ./bcc/monitoring.o
                0x08004f68                doMeasurements
 .text.doGetTemp
                0x08004fac       0x50 ./bcc/monitoring.o
                0x08004fac                doGetTemp
 .text.BCC_MCU_StartTimeout
                0x08004ffc       0x14 ./bcc_stm32/bcc_peripheries.o
                0x08004ffc                BCC_MCU_StartTimeout
 .text.BCC_MCU_WriteRstPin
                0x08005010       0x28 ./bcc_stm32/bcc_peripheries.o
                0x08005010                BCC_MCU_WriteRstPin
 .text.BCC_MCU_WriteCsbPin
                0x08005038       0x28 ./bcc_stm32/bcc_peripheries.o
                0x08005038                BCC_MCU_WriteCsbPin
 .text.BCC_MCU_TransferSpi
                0x08005060       0x50 ./bcc_stm32/bcc_peripheries.o
                0x08005060                BCC_MCU_TransferSpi
 .text.BCC_MCU_WaitMs
                0x080050b0       0x1a ./bcc_stm32/bcc_wait.o
                0x080050b0                BCC_MCU_WaitMs
 .text.BCC_MCU_WaitUs
                0x080050ca       0x16 ./bcc_stm32/bcc_wait.o
                0x080050ca                BCC_MCU_WaitUs
 .text.std      0x080050e0       0x6c E:/STM32/STM32_IDE/STM32CubeIDE_1.15.1/STM32CubeIDE/plugins/com.st.stm32cube.ide.mcu.externaltools.gnu-tools-for-stm32.12.3.rel1.win32_1.1.0.202410251130/tools/bin/../lib/gcc/arm-none-eabi/12.3.1/../../../../arm-none-eabi/lib/thumb/v7-m/nofp\libc_nano.a(libc_a-findfp.o)
 .text.stdio_exit_handler
                0x0800514c       0x18 E:/STM32/STM32_IDE/STM32CubeIDE_1.15.1/STM32CubeIDE/plugins/com.st.stm32cube.ide.mcu.externaltools.gnu-tools-for-stm32.12.3.rel1.win32_1.1.0.202410251130/tools/bin/../lib/gcc/arm-none-eabi/12.3.1/../../../../arm-none-eabi/lib/thumb/v7-m/nofp\libc_nano.a(libc_a-findfp.o)
 .text.cleanup_stdio
                0x08005164       0x40 E:/STM32/STM32_IDE/STM32CubeIDE_1.15.1/STM32CubeIDE/plugins/com.st.stm32cube.ide.mcu.externaltools.gnu-tools-for-stm32.12.3.rel1.win32_1.1.0.202410251130/tools/bin/../lib/gcc/arm-none-eabi/12.3.1/../../../../arm-none-eabi/lib/thumb/v7-m/nofp\libc_nano.a(libc_a-findfp.o)
 .text.global_stdio_init.part.0
                0x080051a4       0x3c E:/STM32/STM32_IDE/STM32CubeIDE_1.15.1/STM32CubeIDE/plugins/com.st.stm32cube.ide.mcu.externaltools.gnu-tools-for-stm32.12.3.rel1.win32_1.1.0.202410251130/tools/bin/../lib/gcc/arm-none-eabi/12.3.1/../../../../arm-none-eabi/lib/thumb/v7-m/nofp\libc_nano.a(libc_a-findfp.o)
 .text.__sfp_lock_acquire
                0x080051e0        0xc E:/STM32/STM32_IDE/STM32CubeIDE_1.15.1/STM32CubeIDE/plugins/com.st.stm32cube.ide.mcu.externaltools.gnu-tools-for-stm32.12.3.rel1.win32_1.1.0.202410251130/tools/bin/../lib/gcc/arm-none-eabi/12.3.1/../../../../arm-none-eabi/lib/thumb/v7-m/nofp\libc_nano.a(libc_a-findfp.o)
                0x080051e0                __sfp_lock_acquire
 .text.__sfp_lock_release
                0x080051ec        0xc E:/STM32/STM32_IDE/STM32CubeIDE_1.15.1/STM32CubeIDE/plugins/com.st.stm32cube.ide.mcu.externaltools.gnu-tools-for-stm32.12.3.rel1.win32_1.1.0.202410251130/tools/bin/../lib/gcc/arm-none-eabi/12.3.1/../../../../arm-none-eabi/lib/thumb/v7-m/nofp\libc_nano.a(libc_a-findfp.o)
                0x080051ec                __sfp_lock_release
 .text.__sinit  0x080051f8       0x30 E:/STM32/STM32_IDE/STM32CubeIDE_1.15.1/STM32CubeIDE/plugins/com.st.stm32cube.ide.mcu.externaltools.gnu-tools-for-stm32.12.3.rel1.win32_1.1.0.202410251130/tools/bin/../lib/gcc/arm-none-eabi/12.3.1/../../../../arm-none-eabi/lib/thumb/v7-m/nofp\libc_nano.a(libc_a-findfp.o)
                0x080051f8                __sinit
 .text._fwalk_sglue
                0x08005228       0x3c E:/STM32/STM32_IDE/STM32CubeIDE_1.15.1/STM32CubeIDE/plugins/com.st.stm32cube.ide.mcu.externaltools.gnu-tools-for-stm32.12.3.rel1.win32_1.1.0.202410251130/tools/bin/../lib/gcc/arm-none-eabi/12.3.1/../../../../arm-none-eabi/lib/thumb/v7-m/nofp\libc_nano.a(libc_a-fwalk.o)
                0x08005228                _fwalk_sglue
 .text.printf   0x08005264       0x24 E:/STM32/STM32_IDE/STM32CubeIDE_1.15.1/STM32CubeIDE/plugins/com.st.stm32cube.ide.mcu.externaltools.gnu-tools-for-stm32.12.3.rel1.win32_1.1.0.202410251130/tools/bin/../lib/gcc/arm-none-eabi/12.3.1/../../../../arm-none-eabi/lib/thumb/v7-m/nofp\libc_nano.a(libc_a-printf.o)
                0x08005264                iprintf
                0x08005264                printf
 .text._puts_r  0x08005288       0xaa E:/STM32/STM32_IDE/STM32CubeIDE_1.15.1/STM32CubeIDE/plugins/com.st.stm32cube.ide.mcu.externaltools.gnu-tools-for-stm32.12.3.rel1.win32_1.1.0.202410251130/tools/bin/../lib/gcc/arm-none-eabi/12.3.1/../../../../arm-none-eabi/lib/thumb/v7-m/nofp\libc_nano.a(libc_a-puts.o)
                0x08005288                _puts_r
 *fill*         0x08005332        0x2 
 .text.puts     0x08005334       0x10 E:/STM32/STM32_IDE/STM32CubeIDE_1.15.1/STM32CubeIDE/plugins/com.st.stm32cube.ide.mcu.externaltools.gnu-tools-for-stm32.12.3.rel1.win32_1.1.0.202410251130/tools/bin/../lib/gcc/arm-none-eabi/12.3.1/../../../../arm-none-eabi/lib/thumb/v7-m/nofp\libc_nano.a(libc_a-puts.o)
                0x08005334                puts
 .text.__sread  0x08005344       0x22 E:/STM32/STM32_IDE/STM32CubeIDE_1.15.1/STM32CubeIDE/plugins/com.st.stm32cube.ide.mcu.externaltools.gnu-tools-for-stm32.12.3.rel1.win32_1.1.0.202410251130/tools/bin/../lib/gcc/arm-none-eabi/12.3.1/../../../../arm-none-eabi/lib/thumb/v7-m/nofp\libc_nano.a(libc_a-stdio.o)
                0x08005344                __sread
 .text.__swrite
                0x08005366       0x38 E:/STM32/STM32_IDE/STM32CubeIDE_1.15.1/STM32CubeIDE/plugins/com.st.stm32cube.ide.mcu.externaltools.gnu-tools-for-stm32.12.3.rel1.win32_1.1.0.202410251130/tools/bin/../lib/gcc/arm-none-eabi/12.3.1/../../../../arm-none-eabi/lib/thumb/v7-m/nofp\libc_nano.a(libc_a-stdio.o)
                0x08005366                __swrite
 .text.__sseek  0x0800539e       0x24 E:/STM32/STM32_IDE/STM32CubeIDE_1.15.1/STM32CubeIDE/plugins/com.st.stm32cube.ide.mcu.externaltools.gnu-tools-for-stm32.12.3.rel1.win32_1.1.0.202410251130/tools/bin/../lib/gcc/arm-none-eabi/12.3.1/../../../../arm-none-eabi/lib/thumb/v7-m/nofp\libc_nano.a(libc_a-stdio.o)
                0x0800539e                __sseek
 .text.__sclose
                0x080053c2        0x8 E:/STM32/STM32_IDE/STM32CubeIDE_1.15.1/STM32CubeIDE/plugins/com.st.stm32cube.ide.mcu.externaltools.gnu-tools-for-stm32.12.3.rel1.win32_1.1.0.202410251130/tools/bin/../lib/gcc/arm-none-eabi/12.3.1/../../../../arm-none-eabi/lib/thumb/v7-m/nofp\libc_nano.a(libc_a-stdio.o)
                0x080053c2                __sclose
 .text.__swbuf_r
                0x080053ca       0x7c E:/STM32/STM32_IDE/STM32CubeIDE_1.15.1/STM32CubeIDE/plugins/com.st.stm32cube.ide.mcu.externaltools.gnu-tools-for-stm32.12.3.rel1.win32_1.1.0.202410251130/tools/bin/../lib/gcc/arm-none-eabi/12.3.1/../../../../arm-none-eabi/lib/thumb/v7-m/nofp\libc_nano.a(libc_a-wbuf.o)
                0x080053ca                __swbuf_r
 *fill*         0x08005446        0x2 
 .text.__swsetup_r
                0x08005448       0xac E:/STM32/STM32_IDE/STM32CubeIDE_1.15.1/STM32CubeIDE/plugins/com.st.stm32cube.ide.mcu.externaltools.gnu-tools-for-stm32.12.3.rel1.win32_1.1.0.202410251130/tools/bin/../lib/gcc/arm-none-eabi/12.3.1/../../../../arm-none-eabi/lib/thumb/v7-m/nofp\libc_nano.a(libc_a-wsetup.o)
                0x08005448                __swsetup_r
 .text.memset   0x080054f4       0x10 E:/STM32/STM32_IDE/STM32CubeIDE_1.15.1/STM32CubeIDE/plugins/com.st.stm32cube.ide.mcu.externaltools.gnu-tools-for-stm32.12.3.rel1.win32_1.1.0.202410251130/tools/bin/../lib/gcc/arm-none-eabi/12.3.1/../../../../arm-none-eabi/lib/thumb/v7-m/nofp\libc_nano.a(libc_a-memset.o)
                0x080054f4                memset
 .text._close_r
                0x08005504       0x20 E:/STM32/STM32_IDE/STM32CubeIDE_1.15.1/STM32CubeIDE/plugins/com.st.stm32cube.ide.mcu.externaltools.gnu-tools-for-stm32.12.3.rel1.win32_1.1.0.202410251130/tools/bin/../lib/gcc/arm-none-eabi/12.3.1/../../../../arm-none-eabi/lib/thumb/v7-m/nofp\libc_nano.a(libc_a-closer.o)
                0x08005504                _close_r
 .text._lseek_r
                0x08005524       0x24 E:/STM32/STM32_IDE/STM32CubeIDE_1.15.1/STM32CubeIDE/plugins/com.st.stm32cube.ide.mcu.externaltools.gnu-tools-for-stm32.12.3.rel1.win32_1.1.0.202410251130/tools/bin/../lib/gcc/arm-none-eabi/12.3.1/../../../../arm-none-eabi/lib/thumb/v7-m/nofp\libc_nano.a(libc_a-lseekr.o)
                0x08005524                _lseek_r
 .text._read_r  0x08005548       0x24 E:/STM32/STM32_IDE/STM32CubeIDE_1.15.1/STM32CubeIDE/plugins/com.st.stm32cube.ide.mcu.externaltools.gnu-tools-for-stm32.12.3.rel1.win32_1.1.0.202410251130/tools/bin/../lib/gcc/arm-none-eabi/12.3.1/../../../../arm-none-eabi/lib/thumb/v7-m/nofp\libc_nano.a(libc_a-readr.o)
                0x08005548                _read_r
 .text._write_r
                0x0800556c       0x24 E:/STM32/STM32_IDE/STM32CubeIDE_1.15.1/STM32CubeIDE/plugins/com.st.stm32cube.ide.mcu.externaltools.gnu-tools-for-stm32.12.3.rel1.win32_1.1.0.202410251130/tools/bin/../lib/gcc/arm-none-eabi/12.3.1/../../../../arm-none-eabi/lib/thumb/v7-m/nofp\libc_nano.a(libc_a-writer.o)
                0x0800556c                _write_r
 .text.__errno  0x08005590        0xc E:/STM32/STM32_IDE/STM32CubeIDE_1.15.1/STM32CubeIDE/plugins/com.st.stm32cube.ide.mcu.externaltools.gnu-tools-for-stm32.12.3.rel1.win32_1.1.0.202410251130/tools/bin/../lib/gcc/arm-none-eabi/12.3.1/../../../../arm-none-eabi/lib/thumb/v7-m/nofp\libc_nano.a(libc_a-errno.o)
                0x08005590                __errno
 .text.__libc_init_array
                0x0800559c       0x48 E:/STM32/STM32_IDE/STM32CubeIDE_1.15.1/STM32CubeIDE/plugins/com.st.stm32cube.ide.mcu.externaltools.gnu-tools-for-stm32.12.3.rel1.win32_1.1.0.202410251130/tools/bin/../lib/gcc/arm-none-eabi/12.3.1/../../../../arm-none-eabi/lib/thumb/v7-m/nofp\libc_nano.a(libc_a-init.o)
                0x0800559c                __libc_init_array
 .text.__retarget_lock_init_recursive
                0x080055e4        0x2 E:/STM32/STM32_IDE/STM32CubeIDE_1.15.1/STM32CubeIDE/plugins/com.st.stm32cube.ide.mcu.externaltools.gnu-tools-for-stm32.12.3.rel1.win32_1.1.0.202410251130/tools/bin/../lib/gcc/arm-none-eabi/12.3.1/../../../../arm-none-eabi/lib/thumb/v7-m/nofp\libc_nano.a(libc_a-lock.o)
                0x080055e4                __retarget_lock_init_recursive
 .text.__retarget_lock_acquire_recursive
                0x080055e6        0x2 E:/STM32/STM32_IDE/STM32CubeIDE_1.15.1/STM32CubeIDE/plugins/com.st.stm32cube.ide.mcu.externaltools.gnu-tools-for-stm32.12.3.rel1.win32_1.1.0.202410251130/tools/bin/../lib/gcc/arm-none-eabi/12.3.1/../../../../arm-none-eabi/lib/thumb/v7-m/nofp\libc_nano.a(libc_a-lock.o)
                0x080055e6                __retarget_lock_acquire_recursive
 .text.__retarget_lock_release_recursive
                0x080055e8        0x2 E:/STM32/STM32_IDE/STM32CubeIDE_1.15.1/STM32CubeIDE/plugins/com.st.stm32cube.ide.mcu.externaltools.gnu-tools-for-stm32.12.3.rel1.win32_1.1.0.202410251130/tools/bin/../lib/gcc/arm-none-eabi/12.3.1/../../../../arm-none-eabi/lib/thumb/v7-m/nofp\libc_nano.a(libc_a-lock.o)
                0x080055e8                __retarget_lock_release_recursive
 *fill*         0x080055ea        0x2 
 .text._free_r  0x080055ec       0x90 E:/STM32/STM32_IDE/STM32CubeIDE_1.15.1/STM32CubeIDE/plugins/com.st.stm32cube.ide.mcu.externaltools.gnu-tools-for-stm32.12.3.rel1.win32_1.1.0.202410251130/tools/bin/../lib/gcc/arm-none-eabi/12.3.1/../../../../arm-none-eabi/lib/thumb/v7-m/nofp\libc_nano.a(libc_a-freer.o)
                0x080055ec                _free_r
 .text.sbrk_aligned
                0x0800567c       0x44 E:/STM32/STM32_IDE/STM32CubeIDE_1.15.1/STM32CubeIDE/plugins/com.st.stm32cube.ide.mcu.externaltools.gnu-tools-for-stm32.12.3.rel1.win32_1.1.0.202410251130/tools/bin/../lib/gcc/arm-none-eabi/12.3.1/../../../../arm-none-eabi/lib/thumb/v7-m/nofp\libc_nano.a(libc_a-mallocr.o)
 .text._malloc_r
                0x080056c0      0x100 E:/STM32/STM32_IDE/STM32CubeIDE_1.15.1/STM32CubeIDE/plugins/com.st.stm32cube.ide.mcu.externaltools.gnu-tools-for-stm32.12.3.rel1.win32_1.1.0.202410251130/tools/bin/../lib/gcc/arm-none-eabi/12.3.1/../../../../arm-none-eabi/lib/thumb/v7-m/nofp\libc_nano.a(libc_a-mallocr.o)
                0x080056c0                _malloc_r
 .text.__malloc_lock
                0x080057c0        0xc E:/STM32/STM32_IDE/STM32CubeIDE_1.15.1/STM32CubeIDE/plugins/com.st.stm32cube.ide.mcu.externaltools.gnu-tools-for-stm32.12.3.rel1.win32_1.1.0.202410251130/tools/bin/../lib/gcc/arm-none-eabi/12.3.1/../../../../arm-none-eabi/lib/thumb/v7-m/nofp\libc_nano.a(libc_a-mlock.o)
                0x080057c0                __malloc_lock
 .text.__malloc_unlock
                0x080057cc        0xc E:/STM32/STM32_IDE/STM32CubeIDE_1.15.1/STM32CubeIDE/plugins/com.st.stm32cube.ide.mcu.externaltools.gnu-tools-for-stm32.12.3.rel1.win32_1.1.0.202410251130/tools/bin/../lib/gcc/arm-none-eabi/12.3.1/../../../../arm-none-eabi/lib/thumb/v7-m/nofp\libc_nano.a(libc_a-mlock.o)
                0x080057cc                __malloc_unlock
 .text.__sfputc_r
                0x080057d8       0x2a E:/STM32/STM32_IDE/STM32CubeIDE_1.15.1/STM32CubeIDE/plugins/com.st.stm32cube.ide.mcu.externaltools.gnu-tools-for-stm32.12.3.rel1.win32_1.1.0.202410251130/tools/bin/../lib/gcc/arm-none-eabi/12.3.1/../../../../arm-none-eabi/lib/thumb/v7-m/nofp\libc_nano.a(libc_a-nano-vfprintf.o)
 .text.__sfputs_r
                0x08005802       0x24 E:/STM32/STM32_IDE/STM32CubeIDE_1.15.1/STM32CubeIDE/plugins/com.st.stm32cube.ide.mcu.externaltools.gnu-tools-for-stm32.12.3.rel1.win32_1.1.0.202410251130/tools/bin/../lib/gcc/arm-none-eabi/12.3.1/../../../../arm-none-eabi/lib/thumb/v7-m/nofp\libc_nano.a(libc_a-nano-vfprintf.o)
                0x08005802                __sfputs_r
 *fill*         0x08005826        0x2 
 .text._vfprintf_r
                0x08005828      0x230 E:/STM32/STM32_IDE/STM32CubeIDE_1.15.1/STM32CubeIDE/plugins/com.st.stm32cube.ide.mcu.externaltools.gnu-tools-for-stm32.12.3.rel1.win32_1.1.0.202410251130/tools/bin/../lib/gcc/arm-none-eabi/12.3.1/../../../../arm-none-eabi/lib/thumb/v7-m/nofp\libc_nano.a(libc_a-nano-vfprintf.o)
                0x08005828                _vfprintf_r
                0x08005828                _vfiprintf_r
 .text._printf_common
                0x08005a58       0xe4 E:/STM32/STM32_IDE/STM32CubeIDE_1.15.1/STM32CubeIDE/plugins/com.st.stm32cube.ide.mcu.externaltools.gnu-tools-for-stm32.12.3.rel1.win32_1.1.0.202410251130/tools/bin/../lib/gcc/arm-none-eabi/12.3.1/../../../../arm-none-eabi/lib/thumb/v7-m/nofp\libc_nano.a(libc_a-nano-vfprintf_i.o)
                0x08005a58                _printf_common
 .text._printf_i
                0x08005b3c      0x240 E:/STM32/STM32_IDE/STM32CubeIDE_1.15.1/STM32CubeIDE/plugins/com.st.stm32cube.ide.mcu.externaltools.gnu-tools-for-stm32.12.3.rel1.win32_1.1.0.202410251130/tools/bin/../lib/gcc/arm-none-eabi/12.3.1/../../../../arm-none-eabi/lib/thumb/v7-m/nofp\libc_nano.a(libc_a-nano-vfprintf_i.o)
                0x08005b3c                _printf_i
 .text.__sflush_r
                0x08005d7c      0x100 E:/STM32/STM32_IDE/STM32CubeIDE_1.15.1/STM32CubeIDE/plugins/com.st.stm32cube.ide.mcu.externaltools.gnu-tools-for-stm32.12.3.rel1.win32_1.1.0.202410251130/tools/bin/../lib/gcc/arm-none-eabi/12.3.1/../../../../arm-none-eabi/lib/thumb/v7-m/nofp\libc_nano.a(libc_a-fflush.o)
                0x08005d7c                __sflush_r
 .text._fflush_r
                0x08005e7c       0x50 E:/STM32/STM32_IDE/STM32CubeIDE_1.15.1/STM32CubeIDE/plugins/com.st.stm32cube.ide.mcu.externaltools.gnu-tools-for-stm32.12.3.rel1.win32_1.1.0.202410251130/tools/bin/../lib/gcc/arm-none-eabi/12.3.1/../../../../arm-none-eabi/lib/thumb/v7-m/nofp\libc_nano.a(libc_a-fflush.o)
                0x08005e7c                _fflush_r
 .text.__swhatbuf_r
                0x08005ecc       0x4a E:/STM32/STM32_IDE/STM32CubeIDE_1.15.1/STM32CubeIDE/plugins/com.st.stm32cube.ide.mcu.externaltools.gnu-tools-for-stm32.12.3.rel1.win32_1.1.0.202410251130/tools/bin/../lib/gcc/arm-none-eabi/12.3.1/../../../../arm-none-eabi/lib/thumb/v7-m/nofp\libc_nano.a(libc_a-makebuf.o)
                0x08005ecc                __swhatbuf_r
 .text.__smakebuf_r
                0x08005f16       0x78 E:/STM32/STM32_IDE/STM32CubeIDE_1.15.1/STM32CubeIDE/plugins/com.st.stm32cube.ide.mcu.externaltools.gnu-tools-for-stm32.12.3.rel1.win32_1.1.0.202410251130/tools/bin/../lib/gcc/arm-none-eabi/12.3.1/../../../../arm-none-eabi/lib/thumb/v7-m/nofp\libc_nano.a(libc_a-makebuf.o)
                0x08005f16                __smakebuf_r
 *fill*         0x08005f8e        0x2 
 .text._fstat_r
                0x08005f90       0x24 E:/STM32/STM32_IDE/STM32CubeIDE_1.15.1/STM32CubeIDE/plugins/com.st.stm32cube.ide.mcu.externaltools.gnu-tools-for-stm32.12.3.rel1.win32_1.1.0.202410251130/tools/bin/../lib/gcc/arm-none-eabi/12.3.1/../../../../arm-none-eabi/lib/thumb/v7-m/nofp\libc_nano.a(libc_a-fstatr.o)
                0x08005f90                _fstat_r
 .text._isatty_r
                0x08005fb4       0x20 E:/STM32/STM32_IDE/STM32CubeIDE_1.15.1/STM32CubeIDE/plugins/com.st.stm32cube.ide.mcu.externaltools.gnu-tools-for-stm32.12.3.rel1.win32_1.1.0.202410251130/tools/bin/../lib/gcc/arm-none-eabi/12.3.1/../../../../arm-none-eabi/lib/thumb/v7-m/nofp\libc_nano.a(libc_a-isattyr.o)
                0x08005fb4                _isatty_r
 .text._sbrk_r  0x08005fd4       0x20 E:/STM32/STM32_IDE/STM32CubeIDE_1.15.1/STM32CubeIDE/plugins/com.st.stm32cube.ide.mcu.externaltools.gnu-tools-for-stm32.12.3.rel1.win32_1.1.0.202410251130/tools/bin/../lib/gcc/arm-none-eabi/12.3.1/../../../../arm-none-eabi/lib/thumb/v7-m/nofp\libc_nano.a(libc_a-sbrkr.o)
                0x08005fd4                _sbrk_r
 .text.memchr   0x08005ff4       0x1c E:/STM32/STM32_IDE/STM32CubeIDE_1.15.1/STM32CubeIDE/plugins/com.st.stm32cube.ide.mcu.externaltools.gnu-tools-for-stm32.12.3.rel1.win32_1.1.0.202410251130/tools/bin/../lib/gcc/arm-none-eabi/12.3.1/../../../../arm-none-eabi/lib/thumb/v7-m/nofp\libc_nano.a(libc_a-memchr-stub.o)
                0x08005ff4                memchr
 .text.exp      0x08006010       0x74 E:/STM32/STM32_IDE/STM32CubeIDE_1.15.1/STM32CubeIDE/plugins/com.st.stm32cube.ide.mcu.externaltools.gnu-tools-for-stm32.12.3.rel1.win32_1.1.0.202410251130/tools/bin/../lib/gcc/arm-none-eabi/12.3.1/../../../../arm-none-eabi/lib/thumb/v7-m/nofp\libm.a(libm_a-w_exp.o)
                0x08006010                exp
 .text.finite   0x08006084        0xc E:/STM32/STM32_IDE/STM32CubeIDE_1.15.1/STM32CubeIDE/plugins/com.st.stm32cube.ide.mcu.externaltools.gnu-tools-for-stm32.12.3.rel1.win32_1.1.0.202410251130/tools/bin/../lib/gcc/arm-none-eabi/12.3.1/../../../../arm-none-eabi/lib/thumb/v7-m/nofp\libm.a(libm_a-s_finite.o)
                0x08006084                finite
 .text.round    0x08006090       0x8c E:/STM32/STM32_IDE/STM32CubeIDE_1.15.1/STM32CubeIDE/plugins/com.st.stm32cube.ide.mcu.externaltools.gnu-tools-for-stm32.12.3.rel1.win32_1.1.0.202410251130/tools/bin/../lib/gcc/arm-none-eabi/12.3.1/../../../../arm-none-eabi/lib/thumb/v7-m/nofp\libm.a(libm_a-s_round.o)
                0x08006090                round
 *fill*         0x0800611c        0x4 
 .text.__ieee754_exp
                0x08006120      0x2e4 E:/STM32/STM32_IDE/STM32CubeIDE_1.15.1/STM32CubeIDE/plugins/com.st.stm32cube.ide.mcu.externaltools.gnu-tools-for-stm32.12.3.rel1.win32_1.1.0.202410251130/tools/bin/../lib/gcc/arm-none-eabi/12.3.1/../../../../arm-none-eabi/lib/thumb/v7-m/nofp\libm.a(libm_a-e_exp.o)
                0x08006120                __ieee754_exp
 .text.with_errno
                0x08006404       0x14 E:/STM32/STM32_IDE/STM32CubeIDE_1.15.1/STM32CubeIDE/plugins/com.st.stm32cube.ide.mcu.externaltools.gnu-tools-for-stm32.12.3.rel1.win32_1.1.0.202410251130/tools/bin/../lib/gcc/arm-none-eabi/12.3.1/../../../../arm-none-eabi/lib/thumb/v7-m/nofp\libm.a(libm_a-math_err.o)
 .text.xflow    0x08006418       0x26 E:/STM32/STM32_IDE/STM32CubeIDE_1.15.1/STM32CubeIDE/plugins/com.st.stm32cube.ide.mcu.externaltools.gnu-tools-for-stm32.12.3.rel1.win32_1.1.0.202410251130/tools/bin/../lib/gcc/arm-none-eabi/12.3.1/../../../../arm-none-eabi/lib/thumb/v7-m/nofp\libm.a(libm_a-math_err.o)
 .text.__math_uflow
                0x0800643e        0xa E:/STM32/STM32_IDE/STM32CubeIDE_1.15.1/STM32CubeIDE/plugins/com.st.stm32cube.ide.mcu.externaltools.gnu-tools-for-stm32.12.3.rel1.win32_1.1.0.202410251130/tools/bin/../lib/gcc/arm-none-eabi/12.3.1/../../../../arm-none-eabi/lib/thumb/v7-m/nofp\libm.a(libm_a-math_err.o)
                0x0800643e                __math_uflow
 .text.__math_oflow
                0x08006448        0xa E:/STM32/STM32_IDE/STM32CubeIDE_1.15.1/STM32CubeIDE/plugins/com.st.stm32cube.ide.mcu.externaltools.gnu-tools-for-stm32.12.3.rel1.win32_1.1.0.202410251130/tools/bin/../lib/gcc/arm-none-eabi/12.3.1/../../../../arm-none-eabi/lib/thumb/v7-m/nofp\libm.a(libm_a-math_err.o)
                0x08006448                __math_oflow
 *(.glue_7)
 .glue_7        0x08006452        0x0 linker stubs
 *(.glue_7t)
 .glue_7t       0x08006452        0x0 linker stubs
 *(.eh_frame)
 *fill*         0x08006452        0x2 
 .eh_frame      0x08006454        0x0 E:/STM32/STM32_IDE/STM32CubeIDE_1.15.1/STM32CubeIDE/plugins/com.st.stm32cube.ide.mcu.externaltools.gnu-tools-for-stm32.12.3.rel1.win32_1.1.0.202410251130/tools/bin/../lib/gcc/arm-none-eabi/12.3.1/thumb/v7-m/nofp/crtbegin.o
 *(.init)
 .init          0x08006454        0x4 E:/STM32/STM32_IDE/STM32CubeIDE_1.15.1/STM32CubeIDE/plugins/com.st.stm32cube.ide.mcu.externaltools.gnu-tools-for-stm32.12.3.rel1.win32_1.1.0.202410251130/tools/bin/../lib/gcc/arm-none-eabi/12.3.1/thumb/v7-m/nofp/crti.o
                0x08006454                _init
 .init          0x08006458        0x8 E:/STM32/STM32_IDE/STM32CubeIDE_1.15.1/STM32CubeIDE/plugins/com.st.stm32cube.ide.mcu.externaltools.gnu-tools-for-stm32.12.3.rel1.win32_1.1.0.202410251130/tools/bin/../lib/gcc/arm-none-eabi/12.3.1/thumb/v7-m/nofp/crtn.o
 *(.fini)
 .fini          0x08006460        0x4 E:/STM32/STM32_IDE/STM32CubeIDE_1.15.1/STM32CubeIDE/plugins/com.st.stm32cube.ide.mcu.externaltools.gnu-tools-for-stm32.12.3.rel1.win32_1.1.0.202410251130/tools/bin/../lib/gcc/arm-none-eabi/12.3.1/thumb/v7-m/nofp/crti.o
                0x08006460                _fini
 .fini          0x08006464        0x8 E:/STM32/STM32_IDE/STM32CubeIDE_1.15.1/STM32CubeIDE/plugins/com.st.stm32cube.ide.mcu.externaltools.gnu-tools-for-stm32.12.3.rel1.win32_1.1.0.202410251130/tools/bin/../lib/gcc/arm-none-eabi/12.3.1/thumb/v7-m/nofp/crtn.o
                0x0800646c                        . = ALIGN (0x4)
                0x0800646c                        _etext = .

.vfp11_veneer   0x0800646c        0x0
 .vfp11_veneer  0x0800646c        0x0 linker stubs

.v4_bx          0x0800646c        0x0
 .v4_bx         0x0800646c        0x0 linker stubs

.iplt           0x0800646c        0x0
 .iplt          0x0800646c        0x0 E:/STM32/STM32_IDE/STM32CubeIDE_1.15.1/STM32CubeIDE/plugins/com.st.stm32cube.ide.mcu.externaltools.gnu-tools-for-stm32.12.3.rel1.win32_1.1.0.202410251130/tools/bin/../lib/gcc/arm-none-eabi/12.3.1/thumb/v7-m/nofp/crtbegin.o

.rodata         0x08006470      0xfd8
                0x08006470                        . = ALIGN (0x4)
 *(.rodata)
 .rodata        0x08006470      0x597 ./Core/Src/common.o
 *fill*         0x08006a07        0x1 
 .rodata        0x08006a08      0x15a ./Core/Src/main.o
 *fill*         0x08006b62        0x2 
 .rodata        0x08006b64       0x13 ./bcc/bcc.o
 *fill*         0x08006b77        0x1 
 .rodata        0x08006b78      0x2b6 ./bcc/monitoring.o
 *(.rodata*)
 *fill*         0x08006e2e        0x2 
 .rodata.s_confRegsMc33771c
                0x08006e30      0x1e8 ./Core/Src/common.o
 .rodata.s_confRegsMc33772c
                0x08007018      0x168 ./Core/Src/common.o
 .rodata.s_initRegsMc33772c
                0x08007180      0x102 ./Core/Src/main.o
 *fill*         0x08007282        0x2 
 .rodata.AHBPrescTable
                0x08007284       0x10 ./Core/Src/system_stm32f1xx.o
                0x08007284                AHBPrescTable
 .rodata.APBPrescTable
                0x08007294        0x8 ./Core/Src/system_stm32f1xx.o
                0x08007294                APBPrescTable
 .rodata.aPLLMULFactorTable.1
                0x0800729c       0x10 ./Drivers/STM32F1xx_HAL_Driver/Src/stm32f1xx_hal_rcc.o
 .rodata.aPredivFactorTable.0
                0x080072ac        0x2 ./Drivers/STM32F1xx_HAL_Driver/Src/stm32f1xx_hal_rcc.o
 *fill*         0x080072ae        0x2 
 .rodata.s_cellMap33771c
                0x080072b0       0x1e ./bcc/bcc.o
 *fill*         0x080072ce        0x2 
 .rodata.s_cellMap33772c
                0x080072d0        0xe ./bcc/bcc.o
 *fill*         0x080072de        0x2 
 .rodata.s_crcTable
                0x080072e0      0x100 ./bcc/bcc_communication.o
 .rodata._vfprintf_r.str1.1
                0x080073e0       0x11 E:/STM32/STM32_IDE/STM32CubeIDE_1.15.1/STM32CubeIDE/plugins/com.st.stm32cube.ide.mcu.externaltools.gnu-tools-for-stm32.12.3.rel1.win32_1.1.0.202410251130/tools/bin/../lib/gcc/arm-none-eabi/12.3.1/../../../../arm-none-eabi/lib/thumb/v7-m/nofp\libc_nano.a(libc_a-nano-vfprintf.o)
 .rodata._printf_i.str1.1
                0x080073f1       0x22 E:/STM32/STM32_IDE/STM32CubeIDE_1.15.1/STM32CubeIDE/plugins/com.st.stm32cube.ide.mcu.externaltools.gnu-tools-for-stm32.12.3.rel1.win32_1.1.0.202410251130/tools/bin/../lib/gcc/arm-none-eabi/12.3.1/../../../../arm-none-eabi/lib/thumb/v7-m/nofp\libc_nano.a(libc_a-nano-vfprintf_i.o)
 *fill*         0x08007413        0x5 
 .rodata.ln2LO  0x08007418       0x10 E:/STM32/STM32_IDE/STM32CubeIDE_1.15.1/STM32CubeIDE/plugins/com.st.stm32cube.ide.mcu.externaltools.gnu-tools-for-stm32.12.3.rel1.win32_1.1.0.202410251130/tools/bin/../lib/gcc/arm-none-eabi/12.3.1/../../../../arm-none-eabi/lib/thumb/v7-m/nofp\libm.a(libm_a-e_exp.o)
 .rodata.ln2HI  0x08007428       0x10 E:/STM32/STM32_IDE/STM32CubeIDE_1.15.1/STM32CubeIDE/plugins/com.st.stm32cube.ide.mcu.externaltools.gnu-tools-for-stm32.12.3.rel1.win32_1.1.0.202410251130/tools/bin/../lib/gcc/arm-none-eabi/12.3.1/../../../../arm-none-eabi/lib/thumb/v7-m/nofp\libm.a(libm_a-e_exp.o)
 .rodata.halF   0x08007438       0x10 E:/STM32/STM32_IDE/STM32CubeIDE_1.15.1/STM32CubeIDE/plugins/com.st.stm32cube.ide.mcu.externaltools.gnu-tools-for-stm32.12.3.rel1.win32_1.1.0.202410251130/tools/bin/../lib/gcc/arm-none-eabi/12.3.1/../../../../arm-none-eabi/lib/thumb/v7-m/nofp\libm.a(libm_a-e_exp.o)
                0x08007448                        . = ALIGN (0x4)

.ARM.extab      0x08007448        0x0
                0x08007448                        . = ALIGN (0x4)
 *(.ARM.extab* .gnu.linkonce.armextab.*)
                0x08007448                        . = ALIGN (0x4)

.ARM            0x08007448        0x0
                0x08007448                        . = ALIGN (0x4)
                0x08007448                        __exidx_start = .
 *(.ARM.exidx*)
                0x08007448                        __exidx_end = .
                0x08007448                        . = ALIGN (0x4)

.preinit_array  0x08007448        0x0
                0x08007448                        . = ALIGN (0x4)
                0x08007448                        PROVIDE (__preinit_array_start = .)
 *(.preinit_array*)
                0x08007448                        PROVIDE (__preinit_array_end = .)
                0x08007448                        . = ALIGN (0x4)

.init_array     0x08007448        0x4
                0x08007448                        . = ALIGN (0x4)
                0x08007448                        PROVIDE (__init_array_start = .)
 *(SORT_BY_NAME(.init_array.*))
 *(.init_array*)
 .init_array    0x08007448        0x4 E:/STM32/STM32_IDE/STM32CubeIDE_1.15.1/STM32CubeIDE/plugins/com.st.stm32cube.ide.mcu.externaltools.gnu-tools-for-stm32.12.3.rel1.win32_1.1.0.202410251130/tools/bin/../lib/gcc/arm-none-eabi/12.3.1/thumb/v7-m/nofp/crtbegin.o
                0x0800744c                        PROVIDE (__init_array_end = .)
                0x0800744c                        . = ALIGN (0x4)

.fini_array     0x0800744c        0x4
                0x0800744c                        . = ALIGN (0x4)
                [!provide]                        PROVIDE (__fini_array_start = .)
 *(SORT_BY_NAME(.fini_array.*))
 *(.fini_array*)
 .fini_array    0x0800744c        0x4 E:/STM32/STM32_IDE/STM32CubeIDE_1.15.1/STM32CubeIDE/plugins/com.st.stm32cube.ide.mcu.externaltools.gnu-tools-for-stm32.12.3.rel1.win32_1.1.0.202410251130/tools/bin/../lib/gcc/arm-none-eabi/12.3.1/thumb/v7-m/nofp/crtbegin.o
                [!provide]                        PROVIDE (__fini_array_end = .)
                0x08007450                        . = ALIGN (0x4)
                0x08007450                        _sidata = LOADADDR (.data)

.rel.dyn        0x08007450        0x0
 .rel.iplt      0x08007450        0x0 E:/STM32/STM32_IDE/STM32CubeIDE_1.15.1/STM32CubeIDE/plugins/com.st.stm32cube.ide.mcu.externaltools.gnu-tools-for-stm32.12.3.rel1.win32_1.1.0.202410251130/tools/bin/../lib/gcc/arm-none-eabi/12.3.1/thumb/v7-m/nofp/crtbegin.o

.data           0x20000000       0x6c load address 0x08007450
                0x20000000                        . = ALIGN (0x4)
                0x20000000                        _sdata = .
 *(.data)
 *(.data*)
 .data.printPattern.0
                0x20000000        0x4 ./Core/Src/common.o
 .data.SystemCoreClock
                0x20000004        0x4 ./Core/Src/system_stm32f1xx.o
                0x20000004                SystemCoreClock
 .data.uwTickPrio
                0x20000008        0x4 ./Drivers/STM32F1xx_HAL_Driver/Src/stm32f1xx_hal.o
                0x20000008                uwTickPrio
 .data.uwTickFreq
                0x2000000c        0x1 ./Drivers/STM32F1xx_HAL_Driver/Src/stm32f1xx_hal.o
                0x2000000c                uwTickFreq
 *fill*         0x2000000d        0x3 
 .data.__sglue  0x20000010        0xc E:/STM32/STM32_IDE/STM32CubeIDE_1.15.1/STM32CubeIDE/plugins/com.st.stm32cube.ide.mcu.externaltools.gnu-tools-for-stm32.12.3.rel1.win32_1.1.0.202410251130/tools/bin/../lib/gcc/arm-none-eabi/12.3.1/../../../../arm-none-eabi/lib/thumb/v7-m/nofp\libc_nano.a(libc_a-findfp.o)
                0x20000010                __sglue
 .data._impure_ptr
                0x2000001c        0x4 E:/STM32/STM32_IDE/STM32CubeIDE_1.15.1/STM32CubeIDE/plugins/com.st.stm32cube.ide.mcu.externaltools.gnu-tools-for-stm32.12.3.rel1.win32_1.1.0.202410251130/tools/bin/../lib/gcc/arm-none-eabi/12.3.1/../../../../arm-none-eabi/lib/thumb/v7-m/nofp\libc_nano.a(libc_a-impure.o)
                0x2000001c                _impure_ptr
 .data._impure_data
                0x20000020       0x4c E:/STM32/STM32_IDE/STM32CubeIDE_1.15.1/STM32CubeIDE/plugins/com.st.stm32cube.ide.mcu.externaltools.gnu-tools-for-stm32.12.3.rel1.win32_1.1.0.202410251130/tools/bin/../lib/gcc/arm-none-eabi/12.3.1/../../../../arm-none-eabi/lib/thumb/v7-m/nofp\libc_nano.a(libc_a-impure.o)
                0x20000020                _impure_data
 *(.RamFunc)
 *(.RamFunc*)
                0x2000006c                        . = ALIGN (0x4)
                0x2000006c                        _edata = .

.igot.plt       0x2000006c        0x0 load address 0x080074bc
 .igot.plt      0x2000006c        0x0 E:/STM32/STM32_IDE/STM32CubeIDE_1.15.1/STM32CubeIDE/plugins/com.st.stm32cube.ide.mcu.externaltools.gnu-tools-for-stm32.12.3.rel1.win32_1.1.0.202410251130/tools/bin/../lib/gcc/arm-none-eabi/12.3.1/thumb/v7-m/nofp/crtbegin.o
                0x2000006c                        . = ALIGN (0x4)

.bss            0x2000006c      0x7e4 load address 0x080074bc
                0x2000006c                        _sbss = .
                0x2000006c                        __bss_start__ = _sbss
 *(.bss)
 .bss           0x2000006c       0x1c E:/STM32/STM32_IDE/STM32CubeIDE_1.15.1/STM32CubeIDE/plugins/com.st.stm32cube.ide.mcu.externaltools.gnu-tools-for-stm32.12.3.rel1.win32_1.1.0.202410251130/tools/bin/../lib/gcc/arm-none-eabi/12.3.1/thumb/v7-m/nofp/crtbegin.o
 *(.bss*)
 .bss.hspi1     0x20000088       0x58 ./Core/Src/main.o
                0x20000088                hspi1
 .bss.huart1    0x200000e0       0x48 ./Core/Src/main.o
                0x200000e0                huart1
 .bss.g_bccData
                0x20000128      0x480 ./Core/Src/main.o
                0x20000128                g_bccData
 .bss.__sbrk_heap_end
                0x200005a8        0x4 ./Core/Src/sysmem.o
 .bss.uwTick    0x200005ac        0x4 ./Drivers/STM32F1xx_HAL_Driver/Src/stm32f1xx_hal.o
                0x200005ac                uwTick
 .bss.txBuf.2   0x200005b0        0x6 ./bcc/bcc_communication.o
 *fill*         0x200005b6        0x2 
 .bss.rxBuf.1   0x200005b8        0x6 ./bcc/bcc_communication.o
 .bss.regIdx.0  0x200005be        0x1 ./bcc/bcc_communication.o
 *fill*         0x200005bf        0x1 
 .bss.g_ntcTable
                0x200005c0      0x142 ./bcc/monitoring.o
 *fill*         0x20000702        0x2 
 .bss.__sf      0x20000704      0x138 E:/STM32/STM32_IDE/STM32CubeIDE_1.15.1/STM32CubeIDE/plugins/com.st.stm32cube.ide.mcu.externaltools.gnu-tools-for-stm32.12.3.rel1.win32_1.1.0.202410251130/tools/bin/../lib/gcc/arm-none-eabi/12.3.1/../../../../arm-none-eabi/lib/thumb/v7-m/nofp\libc_nano.a(libc_a-findfp.o)
                0x20000704                __sf
 .bss.__stdio_exit_handler
                0x2000083c        0x4 E:/STM32/STM32_IDE/STM32CubeIDE_1.15.1/STM32CubeIDE/plugins/com.st.stm32cube.ide.mcu.externaltools.gnu-tools-for-stm32.12.3.rel1.win32_1.1.0.202410251130/tools/bin/../lib/gcc/arm-none-eabi/12.3.1/../../../../arm-none-eabi/lib/thumb/v7-m/nofp\libc_nano.a(libc_a-findfp.o)
                0x2000083c                __stdio_exit_handler
 .bss.errno     0x20000840        0x4 E:/STM32/STM32_IDE/STM32CubeIDE_1.15.1/STM32CubeIDE/plugins/com.st.stm32cube.ide.mcu.externaltools.gnu-tools-for-stm32.12.3.rel1.win32_1.1.0.202410251130/tools/bin/../lib/gcc/arm-none-eabi/12.3.1/../../../../arm-none-eabi/lib/thumb/v7-m/nofp\libc_nano.a(libc_a-reent.o)
                0x20000840                errno
 .bss.__lock___malloc_recursive_mutex
                0x20000844        0x1 E:/STM32/STM32_IDE/STM32CubeIDE_1.15.1/STM32CubeIDE/plugins/com.st.stm32cube.ide.mcu.externaltools.gnu-tools-for-stm32.12.3.rel1.win32_1.1.0.202410251130/tools/bin/../lib/gcc/arm-none-eabi/12.3.1/../../../../arm-none-eabi/lib/thumb/v7-m/nofp\libc_nano.a(libc_a-lock.o)
                0x20000844                __lock___malloc_recursive_mutex
 .bss.__lock___sfp_recursive_mutex
                0x20000845        0x1 E:/STM32/STM32_IDE/STM32CubeIDE_1.15.1/STM32CubeIDE/plugins/com.st.stm32cube.ide.mcu.externaltools.gnu-tools-for-stm32.12.3.rel1.win32_1.1.0.202410251130/tools/bin/../lib/gcc/arm-none-eabi/12.3.1/../../../../arm-none-eabi/lib/thumb/v7-m/nofp\libc_nano.a(libc_a-lock.o)
                0x20000845                __lock___sfp_recursive_mutex
 *fill*         0x20000846        0x2 
 .bss.__malloc_sbrk_start
                0x20000848        0x4 E:/STM32/STM32_IDE/STM32CubeIDE_1.15.1/STM32CubeIDE/plugins/com.st.stm32cube.ide.mcu.externaltools.gnu-tools-for-stm32.12.3.rel1.win32_1.1.0.202410251130/tools/bin/../lib/gcc/arm-none-eabi/12.3.1/../../../../arm-none-eabi/lib/thumb/v7-m/nofp\libc_nano.a(libc_a-mallocr.o)
                0x20000848                __malloc_sbrk_start
 .bss.__malloc_free_list
                0x2000084c        0x4 E:/STM32/STM32_IDE/STM32CubeIDE_1.15.1/STM32CubeIDE/plugins/com.st.stm32cube.ide.mcu.externaltools.gnu-tools-for-stm32.12.3.rel1.win32_1.1.0.202410251130/tools/bin/../lib/gcc/arm-none-eabi/12.3.1/../../../../arm-none-eabi/lib/thumb/v7-m/nofp\libc_nano.a(libc_a-mallocr.o)
                0x2000084c                __malloc_free_list
 *(COMMON)
                0x20000850                        . = ALIGN (0x4)
                0x20000850                        _ebss = .
                0x20000850                        __bss_end__ = _ebss

._user_heap_stack
                0x20000850      0x600 load address 0x080074bc
                0x20000850                        . = ALIGN (0x8)
                [!provide]                        PROVIDE (end = .)
                0x20000850                        PROVIDE (_end = .)
                0x20000a50                        . = (. + _Min_Heap_Size)
 *fill*         0x20000850      0x200 
                0x20000e50                        . = (. + _Min_Stack_Size)
 *fill*         0x20000a50      0x400 
                0x20000e50                        . = ALIGN (0x8)

/DISCARD/
 libc.a(*)
 libm.a(*)
 libgcc.a(*)

.ARM.attributes
                0x00000000       0x29
 *(.ARM.attributes)
 .ARM.attributes
                0x00000000       0x1d E:/STM32/STM32_IDE/STM32CubeIDE_1.15.1/STM32CubeIDE/plugins/com.st.stm32cube.ide.mcu.externaltools.gnu-tools-for-stm32.12.3.rel1.win32_1.1.0.202410251130/tools/bin/../lib/gcc/arm-none-eabi/12.3.1/thumb/v7-m/nofp/crti.o
 .ARM.attributes
                0x0000001d       0x2d E:/STM32/STM32_IDE/STM32CubeIDE_1.15.1/STM32CubeIDE/plugins/com.st.stm32cube.ide.mcu.externaltools.gnu-tools-for-stm32.12.3.rel1.win32_1.1.0.202410251130/tools/bin/../lib/gcc/arm-none-eabi/12.3.1/thumb/v7-m/nofp/crtbegin.o
 .ARM.attributes
                0x0000004a       0x2d ./Core/Src/common.o
 .ARM.attributes
                0x00000077       0x2d ./Core/Src/main.o
 .ARM.attributes
                0x000000a4       0x2d ./Core/Src/stm32f1xx_hal_msp.o
 .ARM.attributes
                0x000000d1       0x2d ./Core/Src/stm32f1xx_it.o
 .ARM.attributes
                0x000000fe       0x2d ./Core/Src/syscalls.o
 .ARM.attributes
                0x0000012b       0x2d ./Core/Src/sysmem.o
 .ARM.attributes
                0x00000158       0x2d ./Core/Src/system_stm32f1xx.o
 .ARM.attributes
                0x00000185       0x21 ./Core/Startup/startup_stm32f103c8tx.o
 .ARM.attributes
                0x000001a6       0x2d ./Drivers/STM32F1xx_HAL_Driver/Src/stm32f1xx_hal.o
 .ARM.attributes
                0x000001d3       0x2d ./Drivers/STM32F1xx_HAL_Driver/Src/stm32f1xx_hal_cortex.o
 .ARM.attributes
                0x00000200       0x2d ./Drivers/STM32F1xx_HAL_Driver/Src/stm32f1xx_hal_gpio.o
 .ARM.attributes
                0x0000022d       0x2d ./Drivers/STM32F1xx_HAL_Driver/Src/stm32f1xx_hal_rcc.o
 .ARM.attributes
                0x0000025a       0x2d ./Drivers/STM32F1xx_HAL_Driver/Src/stm32f1xx_hal_spi.o
 .ARM.attributes
                0x00000287       0x2d ./Drivers/STM32F1xx_HAL_Driver/Src/stm32f1xx_hal_uart.o
 .ARM.attributes
                0x000002b4       0x2d ./bcc/bcc.o
 .ARM.attributes
                0x000002e1       0x2d ./bcc/bcc_communication.o
 .ARM.attributes
                0x0000030e       0x2d ./bcc/monitoring.o
 .ARM.attributes
                0x0000033b       0x2d ./bcc_stm32/bcc_peripheries.o
 .ARM.attributes
                0x00000368       0x2d ./bcc_stm32/bcc_wait.o
 .ARM.attributes
                0x00000395       0x2d E:/STM32/STM32_IDE/STM32CubeIDE_1.15.1/STM32CubeIDE/plugins/com.st.stm32cube.ide.mcu.externaltools.gnu-tools-for-stm32.12.3.rel1.win32_1.1.0.202410251130/tools/bin/../lib/gcc/arm-none-eabi/12.3.1/../../../../arm-none-eabi/lib/thumb/v7-m/nofp\libc_nano.a(libc_a-findfp.o)
 .ARM.attributes
                0x000003c2       0x2d E:/STM32/STM32_IDE/STM32CubeIDE_1.15.1/STM32CubeIDE/plugins/com.st.stm32cube.ide.mcu.externaltools.gnu-tools-for-stm32.12.3.rel1.win32_1.1.0.202410251130/tools/bin/../lib/gcc/arm-none-eabi/12.3.1/../../../../arm-none-eabi/lib/thumb/v7-m/nofp\libc_nano.a(libc_a-fwalk.o)
 .ARM.attributes
                0x000003ef       0x2d E:/STM32/STM32_IDE/STM32CubeIDE_1.15.1/STM32CubeIDE/plugins/com.st.stm32cube.ide.mcu.externaltools.gnu-tools-for-stm32.12.3.rel1.win32_1.1.0.202410251130/tools/bin/../lib/gcc/arm-none-eabi/12.3.1/../../../../arm-none-eabi/lib/thumb/v7-m/nofp\libc_nano.a(libc_a-printf.o)
 .ARM.attributes
                0x0000041c       0x2d E:/STM32/STM32_IDE/STM32CubeIDE_1.15.1/STM32CubeIDE/plugins/com.st.stm32cube.ide.mcu.externaltools.gnu-tools-for-stm32.12.3.rel1.win32_1.1.0.202410251130/tools/bin/../lib/gcc/arm-none-eabi/12.3.1/../../../../arm-none-eabi/lib/thumb/v7-m/nofp\libc_nano.a(libc_a-puts.o)
 .ARM.attributes
                0x00000449       0x2d E:/STM32/STM32_IDE/STM32CubeIDE_1.15.1/STM32CubeIDE/plugins/com.st.stm32cube.ide.mcu.externaltools.gnu-tools-for-stm32.12.3.rel1.win32_1.1.0.202410251130/tools/bin/../lib/gcc/arm-none-eabi/12.3.1/../../../../arm-none-eabi/lib/thumb/v7-m/nofp\libc_nano.a(libc_a-stdio.o)
 .ARM.attributes
                0x00000476       0x2d E:/STM32/STM32_IDE/STM32CubeIDE_1.15.1/STM32CubeIDE/plugins/com.st.stm32cube.ide.mcu.externaltools.gnu-tools-for-stm32.12.3.rel1.win32_1.1.0.202410251130/tools/bin/../lib/gcc/arm-none-eabi/12.3.1/../../../../arm-none-eabi/lib/thumb/v7-m/nofp\libc_nano.a(libc_a-wbuf.o)
 .ARM.attributes
                0x000004a3       0x2d E:/STM32/STM32_IDE/STM32CubeIDE_1.15.1/STM32CubeIDE/plugins/com.st.stm32cube.ide.mcu.externaltools.gnu-tools-for-stm32.12.3.rel1.win32_1.1.0.202410251130/tools/bin/../lib/gcc/arm-none-eabi/12.3.1/../../../../arm-none-eabi/lib/thumb/v7-m/nofp\libc_nano.a(libc_a-wsetup.o)
 .ARM.attributes
                0x000004d0       0x2d E:/STM32/STM32_IDE/STM32CubeIDE_1.15.1/STM32CubeIDE/plugins/com.st.stm32cube.ide.mcu.externaltools.gnu-tools-for-stm32.12.3.rel1.win32_1.1.0.202410251130/tools/bin/../lib/gcc/arm-none-eabi/12.3.1/../../../../arm-none-eabi/lib/thumb/v7-m/nofp\libc_nano.a(libc_a-memset.o)
 .ARM.attributes
                0x000004fd       0x2d E:/STM32/STM32_IDE/STM32CubeIDE_1.15.1/STM32CubeIDE/plugins/com.st.stm32cube.ide.mcu.externaltools.gnu-tools-for-stm32.12.3.rel1.win32_1.1.0.202410251130/tools/bin/../lib/gcc/arm-none-eabi/12.3.1/../../../../arm-none-eabi/lib/thumb/v7-m/nofp\libc_nano.a(libc_a-closer.o)
 .ARM.attributes
                0x0000052a       0x2d E:/STM32/STM32_IDE/STM32CubeIDE_1.15.1/STM32CubeIDE/plugins/com.st.stm32cube.ide.mcu.externaltools.gnu-tools-for-stm32.12.3.rel1.win32_1.1.0.202410251130/tools/bin/../lib/gcc/arm-none-eabi/12.3.1/../../../../arm-none-eabi/lib/thumb/v7-m/nofp\libc_nano.a(libc_a-reent.o)
 .ARM.attributes
                0x00000557       0x2d E:/STM32/STM32_IDE/STM32CubeIDE_1.15.1/STM32CubeIDE/plugins/com.st.stm32cube.ide.mcu.externaltools.gnu-tools-for-stm32.12.3.rel1.win32_1.1.0.202410251130/tools/bin/../lib/gcc/arm-none-eabi/12.3.1/../../../../arm-none-eabi/lib/thumb/v7-m/nofp\libc_nano.a(libc_a-impure.o)
 .ARM.attributes
                0x00000584       0x2d E:/STM32/STM32_IDE/STM32CubeIDE_1.15.1/STM32CubeIDE/plugins/com.st.stm32cube.ide.mcu.externaltools.gnu-tools-for-stm32.12.3.rel1.win32_1.1.0.202410251130/tools/bin/../lib/gcc/arm-none-eabi/12.3.1/../../../../arm-none-eabi/lib/thumb/v7-m/nofp\libc_nano.a(libc_a-lseekr.o)
 .ARM.attributes
                0x000005b1       0x2d E:/STM32/STM32_IDE/STM32CubeIDE_1.15.1/STM32CubeIDE/plugins/com.st.stm32cube.ide.mcu.externaltools.gnu-tools-for-stm32.12.3.rel1.win32_1.1.0.202410251130/tools/bin/../lib/gcc/arm-none-eabi/12.3.1/../../../../arm-none-eabi/lib/thumb/v7-m/nofp\libc_nano.a(libc_a-readr.o)
 .ARM.attributes
                0x000005de       0x2d E:/STM32/STM32_IDE/STM32CubeIDE_1.15.1/STM32CubeIDE/plugins/com.st.stm32cube.ide.mcu.externaltools.gnu-tools-for-stm32.12.3.rel1.win32_1.1.0.202410251130/tools/bin/../lib/gcc/arm-none-eabi/12.3.1/../../../../arm-none-eabi/lib/thumb/v7-m/nofp\libc_nano.a(libc_a-writer.o)
 .ARM.attributes
                0x0000060b       0x2d E:/STM32/STM32_IDE/STM32CubeIDE_1.15.1/STM32CubeIDE/plugins/com.st.stm32cube.ide.mcu.externaltools.gnu-tools-for-stm32.12.3.rel1.win32_1.1.0.202410251130/tools/bin/../lib/gcc/arm-none-eabi/12.3.1/../../../../arm-none-eabi/lib/thumb/v7-m/nofp\libc_nano.a(libc_a-errno.o)
 .ARM.attributes
                0x00000638       0x2d E:/STM32/STM32_IDE/STM32CubeIDE_1.15.1/STM32CubeIDE/plugins/com.st.stm32cube.ide.mcu.externaltools.gnu-tools-for-stm32.12.3.rel1.win32_1.1.0.202410251130/tools/bin/../lib/gcc/arm-none-eabi/12.3.1/../../../../arm-none-eabi/lib/thumb/v7-m/nofp\libc_nano.a(libc_a-init.o)
 .ARM.attributes
                0x00000665       0x2d E:/STM32/STM32_IDE/STM32CubeIDE_1.15.1/STM32CubeIDE/plugins/com.st.stm32cube.ide.mcu.externaltools.gnu-tools-for-stm32.12.3.rel1.win32_1.1.0.202410251130/tools/bin/../lib/gcc/arm-none-eabi/12.3.1/../../../../arm-none-eabi/lib/thumb/v7-m/nofp\libc_nano.a(libc_a-lock.o)
 .ARM.attributes
                0x00000692       0x2d E:/STM32/STM32_IDE/STM32CubeIDE_1.15.1/STM32CubeIDE/plugins/com.st.stm32cube.ide.mcu.externaltools.gnu-tools-for-stm32.12.3.rel1.win32_1.1.0.202410251130/tools/bin/../lib/gcc/arm-none-eabi/12.3.1/../../../../arm-none-eabi/lib/thumb/v7-m/nofp\libc_nano.a(libc_a-freer.o)
 .ARM.attributes
                0x000006bf       0x2d E:/STM32/STM32_IDE/STM32CubeIDE_1.15.1/STM32CubeIDE/plugins/com.st.stm32cube.ide.mcu.externaltools.gnu-tools-for-stm32.12.3.rel1.win32_1.1.0.202410251130/tools/bin/../lib/gcc/arm-none-eabi/12.3.1/../../../../arm-none-eabi/lib/thumb/v7-m/nofp\libc_nano.a(libc_a-mallocr.o)
 .ARM.attributes
                0x000006ec       0x2d E:/STM32/STM32_IDE/STM32CubeIDE_1.15.1/STM32CubeIDE/plugins/com.st.stm32cube.ide.mcu.externaltools.gnu-tools-for-stm32.12.3.rel1.win32_1.1.0.202410251130/tools/bin/../lib/gcc/arm-none-eabi/12.3.1/../../../../arm-none-eabi/lib/thumb/v7-m/nofp\libc_nano.a(libc_a-mlock.o)
 .ARM.attributes
                0x00000719       0x2d E:/STM32/STM32_IDE/STM32CubeIDE_1.15.1/STM32CubeIDE/plugins/com.st.stm32cube.ide.mcu.externaltools.gnu-tools-for-stm32.12.3.rel1.win32_1.1.0.202410251130/tools/bin/../lib/gcc/arm-none-eabi/12.3.1/../../../../arm-none-eabi/lib/thumb/v7-m/nofp\libc_nano.a(libc_a-nano-vfprintf.o)
 .ARM.attributes
                0x00000746       0x2d E:/STM32/STM32_IDE/STM32CubeIDE_1.15.1/STM32CubeIDE/plugins/com.st.stm32cube.ide.mcu.externaltools.gnu-tools-for-stm32.12.3.rel1.win32_1.1.0.202410251130/tools/bin/../lib/gcc/arm-none-eabi/12.3.1/../../../../arm-none-eabi/lib/thumb/v7-m/nofp\libc_nano.a(libc_a-nano-vfprintf_i.o)
 .ARM.attributes
                0x00000773       0x2d E:/STM32/STM32_IDE/STM32CubeIDE_1.15.1/STM32CubeIDE/plugins/com.st.stm32cube.ide.mcu.externaltools.gnu-tools-for-stm32.12.3.rel1.win32_1.1.0.202410251130/tools/bin/../lib/gcc/arm-none-eabi/12.3.1/../../../../arm-none-eabi/lib/thumb/v7-m/nofp\libc_nano.a(libc_a-fflush.o)
 .ARM.attributes
                0x000007a0       0x2d E:/STM32/STM32_IDE/STM32CubeIDE_1.15.1/STM32CubeIDE/plugins/com.st.stm32cube.ide.mcu.externaltools.gnu-tools-for-stm32.12.3.rel1.win32_1.1.0.202410251130/tools/bin/../lib/gcc/arm-none-eabi/12.3.1/../../../../arm-none-eabi/lib/thumb/v7-m/nofp\libc_nano.a(libc_a-makebuf.o)
 .ARM.attributes
                0x000007cd       0x2d E:/STM32/STM32_IDE/STM32CubeIDE_1.15.1/STM32CubeIDE/plugins/com.st.stm32cube.ide.mcu.externaltools.gnu-tools-for-stm32.12.3.rel1.win32_1.1.0.202410251130/tools/bin/../lib/gcc/arm-none-eabi/12.3.1/../../../../arm-none-eabi/lib/thumb/v7-m/nofp\libc_nano.a(libc_a-fstatr.o)
 .ARM.attributes
                0x000007fa       0x2d E:/STM32/STM32_IDE/STM32CubeIDE_1.15.1/STM32CubeIDE/plugins/com.st.stm32cube.ide.mcu.externaltools.gnu-tools-for-stm32.12.3.rel1.win32_1.1.0.202410251130/tools/bin/../lib/gcc/arm-none-eabi/12.3.1/../../../../arm-none-eabi/lib/thumb/v7-m/nofp\libc_nano.a(libc_a-isattyr.o)
 .ARM.attributes
                0x00000827       0x2d E:/STM32/STM32_IDE/STM32CubeIDE_1.15.1/STM32CubeIDE/plugins/com.st.stm32cube.ide.mcu.externaltools.gnu-tools-for-stm32.12.3.rel1.win32_1.1.0.202410251130/tools/bin/../lib/gcc/arm-none-eabi/12.3.1/../../../../arm-none-eabi/lib/thumb/v7-m/nofp\libc_nano.a(libc_a-sbrkr.o)
 .ARM.attributes
                0x00000854       0x2d E:/STM32/STM32_IDE/STM32CubeIDE_1.15.1/STM32CubeIDE/plugins/com.st.stm32cube.ide.mcu.externaltools.gnu-tools-for-stm32.12.3.rel1.win32_1.1.0.202410251130/tools/bin/../lib/gcc/arm-none-eabi/12.3.1/../../../../arm-none-eabi/lib/thumb/v7-m/nofp\libc_nano.a(libc_a-memchr-stub.o)
 .ARM.attributes
                0x00000881       0x2d E:/STM32/STM32_IDE/STM32CubeIDE_1.15.1/STM32CubeIDE/plugins/com.st.stm32cube.ide.mcu.externaltools.gnu-tools-for-stm32.12.3.rel1.win32_1.1.0.202410251130/tools/bin/../lib/gcc/arm-none-eabi/12.3.1/../../../../arm-none-eabi/lib/thumb/v7-m/nofp\libm.a(libm_a-w_exp.o)
 .ARM.attributes
                0x000008ae       0x2d E:/STM32/STM32_IDE/STM32CubeIDE_1.15.1/STM32CubeIDE/plugins/com.st.stm32cube.ide.mcu.externaltools.gnu-tools-for-stm32.12.3.rel1.win32_1.1.0.202410251130/tools/bin/../lib/gcc/arm-none-eabi/12.3.1/../../../../arm-none-eabi/lib/thumb/v7-m/nofp\libm.a(libm_a-s_finite.o)
 .ARM.attributes
                0x000008db       0x2d E:/STM32/STM32_IDE/STM32CubeIDE_1.15.1/STM32CubeIDE/plugins/com.st.stm32cube.ide.mcu.externaltools.gnu-tools-for-stm32.12.3.rel1.win32_1.1.0.202410251130/tools/bin/../lib/gcc/arm-none-eabi/12.3.1/../../../../arm-none-eabi/lib/thumb/v7-m/nofp\libm.a(libm_a-s_round.o)
 .ARM.attributes
                0x00000908       0x2d E:/STM32/STM32_IDE/STM32CubeIDE_1.15.1/STM32CubeIDE/plugins/com.st.stm32cube.ide.mcu.externaltools.gnu-tools-for-stm32.12.3.rel1.win32_1.1.0.202410251130/tools/bin/../lib/gcc/arm-none-eabi/12.3.1/../../../../arm-none-eabi/lib/thumb/v7-m/nofp\libm.a(libm_a-e_exp.o)
 .ARM.attributes
                0x00000935       0x2d E:/STM32/STM32_IDE/STM32CubeIDE_1.15.1/STM32CubeIDE/plugins/com.st.stm32cube.ide.mcu.externaltools.gnu-tools-for-stm32.12.3.rel1.win32_1.1.0.202410251130/tools/bin/../lib/gcc/arm-none-eabi/12.3.1/../../../../arm-none-eabi/lib/thumb/v7-m/nofp\libm.a(libm_a-math_err.o)
 .ARM.attributes
                0x00000962       0x1d E:/STM32/STM32_IDE/STM32CubeIDE_1.15.1/STM32CubeIDE/plugins/com.st.stm32cube.ide.mcu.externaltools.gnu-tools-for-stm32.12.3.rel1.win32_1.1.0.202410251130/tools/bin/../lib/gcc/arm-none-eabi/12.3.1/thumb/v7-m/nofp\libgcc.a(_arm_addsubdf3.o)
 .ARM.attributes
                0x0000097f       0x1d E:/STM32/STM32_IDE/STM32CubeIDE_1.15.1/STM32CubeIDE/plugins/com.st.stm32cube.ide.mcu.externaltools.gnu-tools-for-stm32.12.3.rel1.win32_1.1.0.202410251130/tools/bin/../lib/gcc/arm-none-eabi/12.3.1/thumb/v7-m/nofp\libgcc.a(_arm_muldivdf3.o)
 .ARM.attributes
                0x0000099c       0x1d E:/STM32/STM32_IDE/STM32CubeIDE_1.15.1/STM32CubeIDE/plugins/com.st.stm32cube.ide.mcu.externaltools.gnu-tools-for-stm32.12.3.rel1.win32_1.1.0.202410251130/tools/bin/../lib/gcc/arm-none-eabi/12.3.1/thumb/v7-m/nofp\libgcc.a(_arm_cmpdf2.o)
 .ARM.attributes
                0x000009b9       0x1d E:/STM32/STM32_IDE/STM32CubeIDE_1.15.1/STM32CubeIDE/plugins/com.st.stm32cube.ide.mcu.externaltools.gnu-tools-for-stm32.12.3.rel1.win32_1.1.0.202410251130/tools/bin/../lib/gcc/arm-none-eabi/12.3.1/thumb/v7-m/nofp\libgcc.a(_arm_fixdfsi.o)
 .ARM.attributes
                0x000009d6       0x1d E:/STM32/STM32_IDE/STM32CubeIDE_1.15.1/STM32CubeIDE/plugins/com.st.stm32cube.ide.mcu.externaltools.gnu-tools-for-stm32.12.3.rel1.win32_1.1.0.202410251130/tools/bin/../lib/gcc/arm-none-eabi/12.3.1/thumb/v7-m/nofp\libgcc.a(_arm_fixunsdfsi.o)
 .ARM.attributes
                0x000009f3       0x1d E:/STM32/STM32_IDE/STM32CubeIDE_1.15.1/STM32CubeIDE/plugins/com.st.stm32cube.ide.mcu.externaltools.gnu-tools-for-stm32.12.3.rel1.win32_1.1.0.202410251130/tools/bin/../lib/gcc/arm-none-eabi/12.3.1/thumb/v7-m/nofp/crtn.o
OUTPUT(BMS_SW_Ver1.elf elf32-littlearm)
LOAD linker stubs
LOAD E:/STM32/STM32_IDE/STM32CubeIDE_1.15.1/STM32CubeIDE/plugins/com.st.stm32cube.ide.mcu.externaltools.gnu-tools-for-stm32.12.3.rel1.win32_1.1.0.202410251130/tools/bin/../lib/gcc/arm-none-eabi/12.3.1/../../../../arm-none-eabi/lib/thumb/v7-m/nofp\libc.a
LOAD E:/STM32/STM32_IDE/STM32CubeIDE_1.15.1/STM32CubeIDE/plugins/com.st.stm32cube.ide.mcu.externaltools.gnu-tools-for-stm32.12.3.rel1.win32_1.1.0.202410251130/tools/bin/../lib/gcc/arm-none-eabi/12.3.1/../../../../arm-none-eabi/lib/thumb/v7-m/nofp\libm.a
LOAD E:/STM32/STM32_IDE/STM32CubeIDE_1.15.1/STM32CubeIDE/plugins/com.st.stm32cube.ide.mcu.externaltools.gnu-tools-for-stm32.12.3.rel1.win32_1.1.0.202410251130/tools/bin/../lib/gcc/arm-none-eabi/12.3.1/thumb/v7-m/nofp\libgcc.a

.debug_info     0x00000000     0xc609
 .debug_info    0x00000000      0x6e3 ./Core/Src/common.o
 .debug_info    0x000006e3     0x1528 ./Core/Src/main.o
 .debug_info    0x00001c0b      0xae0 ./Core/Src/stm32f1xx_hal_msp.o
 .debug_info    0x000026eb      0x113 ./Core/Src/stm32f1xx_it.o
 .debug_info    0x000027fe      0x6a3 ./Core/Src/syscalls.o
 .debug_info    0x00002ea1      0x168 ./Core/Src/sysmem.o
 .debug_info    0x00003009      0x222 ./Core/Src/system_stm32f1xx.o
 .debug_info    0x0000322b       0x30 ./Core/Startup/startup_stm32f103c8tx.o
 .debug_info    0x0000325b      0x704 ./Drivers/STM32F1xx_HAL_Driver/Src/stm32f1xx_hal.o
 .debug_info    0x0000395f      0xa87 ./Drivers/STM32F1xx_HAL_Driver/Src/stm32f1xx_hal_cortex.o
 .debug_info    0x000043e6      0x5ab ./Drivers/STM32F1xx_HAL_Driver/Src/stm32f1xx_hal_gpio.o
 .debug_info    0x00004991      0x7d5 ./Drivers/STM32F1xx_HAL_Driver/Src/stm32f1xx_hal_rcc.o
 .debug_info    0x00005166     0x142d ./Drivers/STM32F1xx_HAL_Driver/Src/stm32f1xx_hal_spi.o
 .debug_info    0x00006593     0x2eed ./Drivers/STM32F1xx_HAL_Driver/Src/stm32f1xx_hal_uart.o
 .debug_info    0x00009480     0x16ec ./bcc/bcc.o
 .debug_info    0x0000ab6c      0x7ee ./bcc/bcc_communication.o
 .debug_info    0x0000b35a      0x9a8 ./bcc/monitoring.o
 .debug_info    0x0000bd02      0x7e5 ./bcc_stm32/bcc_peripheries.o
 .debug_info    0x0000c4e7      0x122 ./bcc_stm32/bcc_wait.o

.debug_abbrev   0x00000000     0x23ea
 .debug_abbrev  0x00000000      0x1f8 ./Core/Src/common.o
 .debug_abbrev  0x000001f8      0x3ae ./Core/Src/main.o
 .debug_abbrev  0x000005a6      0x1ac ./Core/Src/stm32f1xx_hal_msp.o
 .debug_abbrev  0x00000752       0x73 ./Core/Src/stm32f1xx_it.o
 .debug_abbrev  0x000007c5      0x1b6 ./Core/Src/syscalls.o
 .debug_abbrev  0x0000097b       0xbc ./Core/Src/sysmem.o
 .debug_abbrev  0x00000a37      0x13f ./Core/Src/system_stm32f1xx.o
 .debug_abbrev  0x00000b76       0x24 ./Core/Startup/startup_stm32f103c8tx.o
 .debug_abbrev  0x00000b9a      0x201 ./Drivers/STM32F1xx_HAL_Driver/Src/stm32f1xx_hal.o
 .debug_abbrev  0x00000d9b      0x2f8 ./Drivers/STM32F1xx_HAL_Driver/Src/stm32f1xx_hal_cortex.o
 .debug_abbrev  0x00001093      0x1ca ./Drivers/STM32F1xx_HAL_Driver/Src/stm32f1xx_hal_gpio.o
 .debug_abbrev  0x0000125d      0x2b3 ./Drivers/STM32F1xx_HAL_Driver/Src/stm32f1xx_hal_rcc.o
 .debug_abbrev  0x00001510      0x27a ./Drivers/STM32F1xx_HAL_Driver/Src/stm32f1xx_hal_spi.o
 .debug_abbrev  0x0000178a      0x2f8 ./Drivers/STM32F1xx_HAL_Driver/Src/stm32f1xx_hal_uart.o
 .debug_abbrev  0x00001a82      0x255 ./bcc/bcc.o
 .debug_abbrev  0x00001cd7      0x1eb ./bcc/bcc_communication.o
 .debug_abbrev  0x00001ec2      0x296 ./bcc/monitoring.o
 .debug_abbrev  0x00002158      0x1f3 ./bcc_stm32/bcc_peripheries.o
 .debug_abbrev  0x0000234b       0x9f ./bcc_stm32/bcc_wait.o

.debug_aranges  0x00000000      0xb98
 .debug_aranges
                0x00000000       0x30 ./Core/Src/common.o
 .debug_aranges
                0x00000030       0x80 ./Core/Src/main.o
 .debug_aranges
                0x000000b0       0x40 ./Core/Src/stm32f1xx_hal_msp.o
 .debug_aranges
                0x000000f0       0x60 ./Core/Src/stm32f1xx_it.o
 .debug_aranges
                0x00000150       0xa8 ./Core/Src/syscalls.o
 .debug_aranges
                0x000001f8       0x20 ./Core/Src/sysmem.o
 .debug_aranges
                0x00000218       0x28 ./Core/Src/system_stm32f1xx.o
 .debug_aranges
                0x00000240       0x28 ./Core/Startup/startup_stm32f103c8tx.o
 .debug_aranges
                0x00000268       0xe0 ./Drivers/STM32F1xx_HAL_Driver/Src/stm32f1xx_hal.o
 .debug_aranges
                0x00000348      0x100 ./Drivers/STM32F1xx_HAL_Driver/Src/stm32f1xx_hal_cortex.o
 .debug_aranges
                0x00000448       0x58 ./Drivers/STM32F1xx_HAL_Driver/Src/stm32f1xx_hal_gpio.o
 .debug_aranges
                0x000004a0       0x90 ./Drivers/STM32F1xx_HAL_Driver/Src/stm32f1xx_hal_rcc.o
 .debug_aranges
                0x00000530      0x1d0 ./Drivers/STM32F1xx_HAL_Driver/Src/stm32f1xx_hal_spi.o
 .debug_aranges
                0x00000700      0x208 ./Drivers/STM32F1xx_HAL_Driver/Src/stm32f1xx_hal_uart.o
 .debug_aranges
                0x00000908      0x168 ./bcc/bcc.o
 .debug_aranges
                0x00000a70       0x60 ./bcc/bcc_communication.o
 .debug_aranges
                0x00000ad0       0x60 ./bcc/monitoring.o
 .debug_aranges
                0x00000b30       0x38 ./bcc_stm32/bcc_peripheries.o
 .debug_aranges
                0x00000b68       0x30 ./bcc_stm32/bcc_wait.o

.debug_rnglists
                0x00000000      0x8d3
 .debug_rnglists
                0x00000000       0x21 ./Core/Src/common.o
 .debug_rnglists
                0x00000021       0x61 ./Core/Src/main.o
 .debug_rnglists
                0x00000082       0x2d ./Core/Src/stm32f1xx_hal_msp.o
 .debug_rnglists
                0x000000af       0x43 ./Core/Src/stm32f1xx_it.o
 .debug_rnglists
                0x000000f2       0x79 ./Core/Src/syscalls.o
 .debug_rnglists
                0x0000016b       0x13 ./Core/Src/sysmem.o
 .debug_rnglists
                0x0000017e       0x1a ./Core/Src/system_stm32f1xx.o
 .debug_rnglists
                0x00000198       0x19 ./Core/Startup/startup_stm32f103c8tx.o
 .debug_rnglists
                0x000001b1       0xa3 ./Drivers/STM32F1xx_HAL_Driver/Src/stm32f1xx_hal.o
 .debug_rnglists
                0x00000254       0xbb ./Drivers/STM32F1xx_HAL_Driver/Src/stm32f1xx_hal_cortex.o
 .debug_rnglists
                0x0000030f       0x3f ./Drivers/STM32F1xx_HAL_Driver/Src/stm32f1xx_hal_gpio.o
 .debug_rnglists
                0x0000034e       0x6c ./Drivers/STM32F1xx_HAL_Driver/Src/stm32f1xx_hal_rcc.o
 .debug_rnglists
                0x000003ba      0x16e ./Drivers/STM32F1xx_HAL_Driver/Src/stm32f1xx_hal_spi.o
 .debug_rnglists
                0x00000528      0x1bc ./Drivers/STM32F1xx_HAL_Driver/Src/stm32f1xx_hal_uart.o
 .debug_rnglists
                0x000006e4      0x11e ./bcc/bcc.o
 .debug_rnglists
                0x00000802       0x47 ./bcc/bcc_communication.o
 .debug_rnglists
                0x00000849       0x46 ./bcc/monitoring.o
 .debug_rnglists
                0x0000088f       0x25 ./bcc_stm32/bcc_peripheries.o
 .debug_rnglists
                0x000008b4       0x1f ./bcc_stm32/bcc_wait.o

.debug_macro    0x00000000    0x24e9b
 .debug_macro   0x00000000      0x257 ./Core/Src/common.o
 .debug_macro   0x00000257      0xaa8 ./Core/Src/common.o
 .debug_macro   0x00000cff       0x22 ./Core/Src/common.o
 .debug_macro   0x00000d21      0x189 ./Core/Src/common.o
 .debug_macro   0x00000eaa       0x22 ./Core/Src/common.o
 .debug_macro   0x00000ecc       0x8e ./Core/Src/common.o
 .debug_macro   0x00000f5a       0x51 ./Core/Src/common.o
 .debug_macro   0x00000fab      0x103 ./Core/Src/common.o
 .debug_macro   0x000010ae       0x6a ./Core/Src/common.o
 .debug_macro   0x00001118      0x1df ./Core/Src/common.o
 .debug_macro   0x000012f7     0x4644 ./Core/Src/common.o
 .debug_macro   0x0000593b     0x3578 ./Core/Src/common.o
 .debug_macro   0x00008eb3       0x83 ./Core/Src/common.o
 .debug_macro   0x00008f36       0x97 ./Core/Src/common.o
 .debug_macro   0x00008fcd       0xa0 ./Core/Src/common.o
 .debug_macro   0x0000906d      0x21b ./Core/Src/common.o
 .debug_macro   0x00009288       0x2e ./Core/Src/common.o
 .debug_macro   0x000092b6       0x22 ./Core/Src/common.o
 .debug_macro   0x000092d8       0x1c ./Core/Src/common.o
 .debug_macro   0x000092f4       0x22 ./Core/Src/common.o
 .debug_macro   0x00009316       0xbd ./Core/Src/common.o
 .debug_macro   0x000093d3      0xd23 ./Core/Src/common.o
 .debug_macro   0x0000a0f6     0xe09e ./Core/Src/common.o
 .debug_macro   0x00018194       0x6d ./Core/Src/common.o
 .debug_macro   0x00018201     0x34a2 ./Core/Src/common.o
 .debug_macro   0x0001b6a3       0x5c ./Core/Src/common.o
 .debug_macro   0x0001b6ff      0x5bc ./Core/Src/common.o
 .debug_macro   0x0001bcbb      0x289 ./Core/Src/common.o
 .debug_macro   0x0001bf44      0x1cb ./Core/Src/common.o
 .debug_macro   0x0001c10f      0x114 ./Core/Src/common.o
 .debug_macro   0x0001c223      0x1b2 ./Core/Src/common.o
 .debug_macro   0x0001c3d5       0x27 ./Core/Src/common.o
 .debug_macro   0x0001c3fc      0x136 ./Core/Src/common.o
 .debug_macro   0x0001c532      0x1bc ./Core/Src/common.o
 .debug_macro   0x0001c6ee       0x34 ./Core/Src/common.o
 .debug_macro   0x0001c722       0x3c ./Core/Src/common.o
 .debug_macro   0x0001c75e       0x57 ./Core/Src/common.o
 .debug_macro   0x0001c7b5       0x87 ./Core/Src/common.o
 .debug_macro   0x0001c83c      0x240 ./Core/Src/common.o
 .debug_macro   0x0001ca7c      0x140 ./Core/Src/common.o
 .debug_macro   0x0001cbbc      0x217 ./Core/Src/common.o
 .debug_macro   0x0001cdd3      0x28e ./Core/Src/common.o
 .debug_macro   0x0001d061       0x83 ./Core/Src/common.o
 .debug_macro   0x0001d0e4       0x40 ./Core/Src/common.o
 .debug_macro   0x0001d124      0x2e4 ./Core/Src/main.o
 .debug_macro   0x0001d408     0x464a ./Core/Src/main.o
 .debug_macro   0x00021a52       0xa6 ./Core/Src/main.o
 .debug_macro   0x00021af8       0x61 ./Core/Src/main.o
 .debug_macro   0x00021b59       0x24 ./Core/Src/main.o
 .debug_macro   0x00021b7d       0x43 ./Core/Src/main.o
 .debug_macro   0x00021bc0       0x34 ./Core/Src/main.o
 .debug_macro   0x00021bf4       0x16 ./Core/Src/main.o
 .debug_macro   0x00021c0a       0x35 ./Core/Src/main.o
 .debug_macro   0x00021c3f      0x369 ./Core/Src/main.o
 .debug_macro   0x00021fa8       0x10 ./Core/Src/main.o
 .debug_macro   0x00021fb8       0x16 ./Core/Src/main.o
 .debug_macro   0x00021fce       0x43 ./Core/Src/main.o
 .debug_macro   0x00022011       0x34 ./Core/Src/main.o
 .debug_macro   0x00022045       0x10 ./Core/Src/main.o
 .debug_macro   0x00022055       0x58 ./Core/Src/main.o
 .debug_macro   0x000220ad       0x8e ./Core/Src/main.o
 .debug_macro   0x0002213b       0x1c ./Core/Src/main.o
 .debug_macro   0x00022157      0x177 ./Core/Src/main.o
 .debug_macro   0x000222ce       0x16 ./Core/Src/main.o
 .debug_macro   0x000222e4       0x16 ./Core/Src/main.o
 .debug_macro   0x000222fa      0x146 ./Core/Src/main.o
 .debug_macro   0x00022440       0x10 ./Core/Src/main.o
 .debug_macro   0x00022450      0x1a7 ./Core/Src/stm32f1xx_hal_msp.o
 .debug_macro   0x000225f7      0x1b1 ./Core/Src/stm32f1xx_it.o
 .debug_macro   0x000227a8      0x274 ./Core/Src/syscalls.o
 .debug_macro   0x00022a1c       0x5b ./Core/Src/syscalls.o
 .debug_macro   0x00022a77       0x94 ./Core/Src/syscalls.o
 .debug_macro   0x00022b0b       0x57 ./Core/Src/syscalls.o
 .debug_macro   0x00022b62       0x10 ./Core/Src/syscalls.o
 .debug_macro   0x00022b72       0x10 ./Core/Src/syscalls.o
 .debug_macro   0x00022b82       0x10 ./Core/Src/syscalls.o
 .debug_macro   0x00022b92       0x10 ./Core/Src/syscalls.o
 .debug_macro   0x00022ba2       0x1c ./Core/Src/syscalls.o
 .debug_macro   0x00022bbe       0x52 ./Core/Src/syscalls.o
 .debug_macro   0x00022c10       0x22 ./Core/Src/syscalls.o
 .debug_macro   0x00022c32       0x10 ./Core/Src/syscalls.o
 .debug_macro   0x00022c42       0x52 ./Core/Src/syscalls.o
 .debug_macro   0x00022c94       0xcf ./Core/Src/syscalls.o
 .debug_macro   0x00022d63       0x1c ./Core/Src/syscalls.o
 .debug_macro   0x00022d7f       0x3d ./Core/Src/syscalls.o
 .debug_macro   0x00022dbc       0x35 ./Core/Src/syscalls.o
 .debug_macro   0x00022df1      0x12c ./Core/Src/syscalls.o
 .debug_macro   0x00022f1d       0x16 ./Core/Src/syscalls.o
 .debug_macro   0x00022f33       0x16 ./Core/Src/syscalls.o
 .debug_macro   0x00022f49       0x29 ./Core/Src/syscalls.o
 .debug_macro   0x00022f72       0x10 ./Core/Src/syscalls.o
 .debug_macro   0x00022f82      0x242 ./Core/Src/syscalls.o
 .debug_macro   0x000231c4       0x1c ./Core/Src/syscalls.o
 .debug_macro   0x000231e0       0x10 ./Core/Src/syscalls.o
 .debug_macro   0x000231f0      0x18a ./Core/Src/syscalls.o
 .debug_macro   0x0002337a       0x16 ./Core/Src/syscalls.o
 .debug_macro   0x00023390       0xce ./Core/Src/syscalls.o
 .debug_macro   0x0002345e       0xff ./Core/Src/sysmem.o
 .debug_macro   0x0002355d      0x23c ./Core/Src/sysmem.o
 .debug_macro   0x00023799      0x198 ./Core/Src/system_stm32f1xx.o
 .debug_macro   0x00023931      0x1bc ./Drivers/STM32F1xx_HAL_Driver/Src/stm32f1xx_hal.o
 .debug_macro   0x00023aed      0x198 ./Drivers/STM32F1xx_HAL_Driver/Src/stm32f1xx_hal_cortex.o
 .debug_macro   0x00023c85      0x203 ./Drivers/STM32F1xx_HAL_Driver/Src/stm32f1xx_hal_gpio.o
 .debug_macro   0x00023e88      0x1aa ./Drivers/STM32F1xx_HAL_Driver/Src/stm32f1xx_hal_rcc.o
 .debug_macro   0x00024032      0x1a0 ./Drivers/STM32F1xx_HAL_Driver/Src/stm32f1xx_hal_spi.o
 .debug_macro   0x000241d2      0x199 ./Drivers/STM32F1xx_HAL_Driver/Src/stm32f1xx_hal_uart.o
 .debug_macro   0x0002436b      0x15c ./bcc/bcc.o
 .debug_macro   0x000244c7       0xfd ./bcc/bcc_communication.o
 .debug_macro   0x000245c4      0x2f7 ./bcc/monitoring.o
 .debug_macro   0x000248bb      0x19b ./bcc/monitoring.o
 .debug_macro   0x00024a56       0x1c ./bcc/monitoring.o
 .debug_macro   0x00024a72       0x56 ./bcc/monitoring.o
 .debug_macro   0x00024ac8      0x231 ./bcc_stm32/bcc_peripheries.o
 .debug_macro   0x00024cf9      0x1a2 ./bcc_stm32/bcc_wait.o

.debug_line     0x00000000     0xea00
 .debug_line    0x00000000      0xa29 ./Core/Src/common.o
 .debug_line    0x00000a29      0xdd6 ./Core/Src/main.o
 .debug_line    0x000017ff      0x78d ./Core/Src/stm32f1xx_hal_msp.o
 .debug_line    0x00001f8c      0x7a9 ./Core/Src/stm32f1xx_it.o
 .debug_line    0x00002735      0xa61 ./Core/Src/syscalls.o
 .debug_line    0x00003196      0x678 ./Core/Src/sysmem.o
 .debug_line    0x0000380e      0x765 ./Core/Src/system_stm32f1xx.o
 .debug_line    0x00003f73       0x78 ./Core/Startup/startup_stm32f103c8tx.o
 .debug_line    0x00003feb      0x992 ./Drivers/STM32F1xx_HAL_Driver/Src/stm32f1xx_hal.o
 .debug_line    0x0000497d      0xb7e ./Drivers/STM32F1xx_HAL_Driver/Src/stm32f1xx_hal_cortex.o
 .debug_line    0x000054fb      0xa2b ./Drivers/STM32F1xx_HAL_Driver/Src/stm32f1xx_hal_gpio.o
 .debug_line    0x00005f26      0xd9b ./Drivers/STM32F1xx_HAL_Driver/Src/stm32f1xx_hal_rcc.o
 .debug_line    0x00006cc1     0x1cb6 ./Drivers/STM32F1xx_HAL_Driver/Src/stm32f1xx_hal_spi.o
 .debug_line    0x00008977     0x2871 ./Drivers/STM32F1xx_HAL_Driver/Src/stm32f1xx_hal_uart.o
 .debug_line    0x0000b1e8     0x12c2 ./bcc/bcc.o
 .debug_line    0x0000c4aa      0x7ee ./bcc/bcc_communication.o
 .debug_line    0x0000cc98      0xe33 ./bcc/monitoring.o
 .debug_line    0x0000dacb      0x811 ./bcc_stm32/bcc_peripheries.o
 .debug_line    0x0000e2dc      0x724 ./bcc_stm32/bcc_wait.o

.debug_str      0x00000000    0xd5ec6
 .debug_str     0x00000000    0xcc954 ./Core/Src/common.o
                              0xccca6 (size before relaxing)
 .debug_str     0x000cc954     0x414a ./Core/Src/main.o
                              0xd0b3c (size before relaxing)
 .debug_str     0x000d0a9e       0xbb ./Core/Src/stm32f1xx_hal_msp.o
                              0x7e52d (size before relaxing)
 .debug_str     0x000d0b59       0xc9 ./Core/Src/stm32f1xx_it.o
                              0x7df12 (size before relaxing)
 .debug_str     0x000d0c22     0x20b1 ./Core/Src/syscalls.o
                               0x9876 (size before relaxing)
 .debug_str     0x000d2cd3       0x6b ./Core/Src/sysmem.o
                               0x608e (size before relaxing)
 .debug_str     0x000d2d3e       0x7e ./Core/Src/system_stm32f1xx.o
                              0x7de28 (size before relaxing)
 .debug_str     0x000d2dbc       0x44 ./Core/Startup/startup_stm32f103c8tx.o
                                 0x99 (size before relaxing)
 .debug_str     0x000d2e00      0x602 ./Drivers/STM32F1xx_HAL_Driver/Src/stm32f1xx_hal.o
                              0x7e55b (size before relaxing)
 .debug_str     0x000d3402      0x2b1 ./Drivers/STM32F1xx_HAL_Driver/Src/stm32f1xx_hal_cortex.o
                              0x7e4a7 (size before relaxing)
 .debug_str     0x000d36b3      0x2e6 ./Drivers/STM32F1xx_HAL_Driver/Src/stm32f1xx_hal_gpio.o
                              0x7e1ae (size before relaxing)
 .debug_str     0x000d3999      0x229 ./Drivers/STM32F1xx_HAL_Driver/Src/stm32f1xx_hal_rcc.o